/home/jacob/Nextcloud2/
# timestamp | duration | file | instruction | dir | modtime | etag | size | fileId | status | errorString | http result code | other size | other modtime | X-Request-ID
#=#=#=# Syncrun started 2026-08-06T00:55:26Z
#=#=#=#=# Propagation starts 2026-08-06T00:55:27Z (last step: 933 msec, total: 933 msec)
||Documents|8|2|1785907316|6a72c874a075d|0|00000017ocarc708qxdf|13||0|0|0||
||Photos|8|2|1785907316|6a72c8741cc77|0|00000004ocarc708qxdf|13||0|0|0||
00:55:27||Documents/Example.md|8|2|1785907316|6b6ac744bd1154a2423eb60f19aeb156|1095|00000019ocarc708qxdf|13||200|0|0|85e2ca1d-7b0e-40ae-94ec-3c366a1b7bb9|
00:55:27||Documents/Readme.md|8|2|1785907316|64f9d346893d1d1e95f61b5fe6845f23|136|00000021ocarc708qxdf|13||200|0|0|442aa21c-21d4-4db8-b63b-0499c58fc36a|
00:55:27||Documents/Welcome to Nextcloud Hub.docx|8|2|1785907316|cc4421a9d34cdb2b4ac62f41f2f90d36|23876|00000018ocarc708qxdf|13||200|0|0|9486629e-4bfa-46a3-8690-7089a5824a59|
00:55:27||Photos/Birdie.jpg|8|2|1785907316|f8311ada636155c12b42cd36b9677cae|593508|00000012ocarc708qxdf|13||200|0|0|6ccaef87-8683-4f86-9f4e-9d3327a53fe1|
00:55:27||Documents/Nextcloud flyer.pdf|8|2|1785907316|0f9407f83376756ad9220d46763a2724|1083339|00000020ocarc708qxdf|13||200|0|0|ad460038-0f72-4192-b2f9-b157c1545fad|
00:55:28||Photos/Frog.jpg|8|2|1785907315|34f06e67b356f94fa19aed1b22b62c85|457744|00000008ocarc708qxdf|13||200|0|0|d6feab23-b22f-4f45-bf09-6d85d5b370f0|
00:55:28||Photos/Gorilla.jpg|8|2|1785907315|533aa168f637d233c33a3756ae0c8b28|474653|00000005ocarc708qxdf|13||200|0|0|d808d209-bd5b-4a84-a671-3d0c34274a53|
00:55:28||Photos/Nextcloud community.jpg|8|2|1785907315|841e9f3e3ee5e1dce2f0e62fea547ca2|797325|00000006ocarc708qxdf|13||200|0|0|541b9f72-717c-4b36-a2a7-f01dde27a6f7|
00:55:28||Photos/Readme.md|8|2|1785907316|a6cbe7a9c301afa2b8e3403fdb0ca66d|150|00000013ocarc708qxdf|13||200|0|0|700e33f1-dfca-4cd2-ab4a-6a2eb45b2885|
00:55:28||Photos/Library.jpg|8|2|1785907315|cda48463dc6611f57bc66e5185d8f13f|2170375|00000007ocarc708qxdf|13||200|0|0|289e4238-731c-427c-9d0f-f761068e854c|
00:55:28||Photos/Toucan.jpg|8|2|1785907315|f9f01ea3debcd74f8a06731763006684|167989|00000011ocarc708qxdf|13||200|0|0|d5527e37-8538-47fd-ade0-345046c52152|
||Templates|8|2|1785907320|6a72c8788188d|0|00000023ocarc708qxdf|13||0|0|0||
00:55:28||Templates/Business model canvas.odg|8|2|1785907316|a617ee27f60fa42cf442e78f6352bdf2|16988|00000025ocarc708qxdf|13||200|0|0|92550a85-600b-449f-9d87-10dd364331d4|
00:55:28||Templates/Brainstorming.whiteboard|8|2|1785907319|dc7db8605d801d84c8f5168a7e64c698|30780|00000057ocarc708qxdf|13||200|0|0|e4dbf0c4-1e6b-41c7-a75d-7830109fe28c|
00:55:28||Photos/Steps.jpg|8|2|1785907315|df4eaef36926d7e07c2c7470d60ab68f|567689|00000009ocarc708qxdf|13||200|0|0|2349d40b-5beb-4eb0-82e7-872d98e9f3d7|
00:55:28||Photos/Vineyard.jpg|8|2|1785907315|86c1fa746fb3607d06b023d81d6b47d6|427030|00000010ocarc708qxdf|13||200|0|0|7d8cee05-38e1-4b97-9000-664b4e9ff909|
00:55:29||Templates/Calendar.odt|8|2|1785907320|68601e34f62b11479c12896e0920aae4|22675|00000062ocarc708qxdf|13||200|0|0|b4557711-23f4-48a3-9695-cff6296981d8|
00:55:29||Templates/Business model canvas.whiteboard|8|2|1785907320|ed77c4af52350d3a20d6d25dc96a213e|30290|00000064ocarc708qxdf|13||200|0|0|be96dc8c-128d-4d1a-a991-c14dd701b8fa|
00:55:29||Templates/Business model canvas.ods|8|2|1785907318|d240f9dc48d3eb591bdd8917176e2bd8|29055|00000036ocarc708qxdf|13||200|0|0|0fdbf770-aabd-4cec-bd7f-5b2b401d948c|
00:55:29||Templates/Certificate.odt|8|2|1785907317|ab7e7f7e0a7467c0b26df9b75dfa26c9|33441|00000032ocarc708qxdf|13||200|0|0|0b66a824-59a7-4e5c-b726-676c1048f36f|
00:55:29||Templates/Checklist.ods|8|2|1785907320|176546f2e13df55b238cbc98a0c22c7f|256849|00000068ocarc708qxdf|13||200|0|0|daf72961-bcaa-466c-aff1-08218c6981d8|
00:55:29||Templates/Diagram & table.ods|8|2|1785907316|b28199afb04dd6e8e4578cd8fe6560db|13378|00000026ocarc708qxdf|13||200|0|0|70bcea1d-5ab8-496d-b1c2-c242247b450f|
00:55:29||Templates/Expense report.ods|8|2|1785907319|6fb6a1a806960037f4378025e96e29d2|19026|00000052ocarc708qxdf|13||200|0|0|a9a65adc-5d7c-4016-a9e8-00f7a0967e73|
00:55:29||Templates/Flowchart.odg|8|2|1785907319|0539e6a92b8c0b0237ec944faef6f61f|11836|00000049ocarc708qxdf|13||200|0|0|cfb5f8f4-374d-4080-9b9a-67aa368ca0bb|
00:55:29||Templates/Elegant.odp|8|2|1785907319|ef8cfb3f0a259ca2c5259d162ea27d2a|14316|00000061ocarc708qxdf|13||200|0|0|2f5d18a2-e1a9-4d08-b623-fb09f056ac4b|
00:55:29||Templates/Ecosystem.odp|8|2|1785907318|fddabd6e02dbe9d2aea3cbc369bf9e40|1441424|00000043ocarc708qxdf|13||200|0|0|441de6a0-5e14-4a73-93ca-b914dd54b3be|
00:55:29||Templates/Invoice.odt|8|2|1785907318|a7619603b36b272e95c66a04c5b6088c|17276|00000038ocarc708qxdf|13||200|0|0|31a29097-31b7-4c05-867a-133b67568719|
00:55:29||Templates/Invoice.ods|8|2|1785907319|a3de454bcbd2155dbaf6329c4524ed2a|22002|00000053ocarc708qxdf|13||200|0|0|de72cb4c-9f36-44cb-babd-04ae902d885f|
00:55:29||Templates/Impact effort.whiteboard|8|2|1785907320|f74c92ad58eff4c0e7359d89a78b87e7|30671|00000067ocarc708qxdf|13||200|0|0|7c352822-9ea4-4b2f-9b77-42395a564acf|
00:55:29||Templates/Flowchart.whiteboard|8|2|1785907316|95240c8b09cfe4998ecf50590cef9f49|31132|00000024ocarc708qxdf|13||200|0|0|f59c1251-f5ab-4705-897a-7f957f3d4548|
00:55:29||Templates/Gotong royong.odp|8|2|1785907317|6a9b07c46e5664e61027b30b540b8ccc|3509628|00000028ocarc708qxdf|13||200|0|0|489f9bb9-3e2a-49e0-a00b-19f0839f133b|
00:55:29||Templates/Kanban board.whiteboard|8|2|1785907317|9e97fefbce960146a7ddd4e821cb419d|25621|00000031ocarc708qxdf|13||200|0|0|61ff57f7-e121-47ff-89a9-87f5590d0f46|
00:55:29||Templates/Meeting agenda.whiteboard|8|2|1785907317|fa233ce8c537569ce9d5a25f8a3f0161|27629|00000034ocarc708qxdf|13||200|0|0|07d07925-d275-4492-a9ab-eed34e2ceb59|
00:55:30||Templates/Menu.odt|8|2|1785907318|fcddd9b737d884b96255d3f41efeff88|33089|00000041ocarc708qxdf|13||200|0|0|d08baf0b-b048-45ca-a349-54e0d5df4664|
00:55:29||Templates/Meeting notes.md|8|2|1785907319|6be14e1bb80bf6384ab33eae5d9709c4|326|00000050ocarc708qxdf|13||200|0|0|34ba3c92-a003-4669-a4f5-4967314dd441|
00:55:29||Templates/Letter.odt|8|2|1785907319|227a5efc71754d04c9eca2f34c68f756|15961|00000054ocarc708qxdf|13||200|0|0|deba14bb-dae9-4a90-82e6-81e48a7a58a0|
00:55:30||Templates/Mindmap.odg|8|2|1785907317|5bad1e0e6b6cb8288af9e45ade9cba89|13653|00000035ocarc708qxdf|13||200|0|0|16ea01c3-5efb-4147-8b9e-168cbd35d493|
00:55:30||Templates/Mind map.whiteboard|8|2|1785907319|00bc1c920f14b2b9b2c926beca9ba5b6|35657|00000048ocarc708qxdf|13||200|0|0|dda9a022-2cf5-403f-9a40-ce02bf3df2e9|
00:55:30||Templates/Modern company.odp|8|2|1785907319|6dfc9618d2a9997b6dba9e4b76a0319e|317015|00000055ocarc708qxdf|13||200|0|0|ed29dd73-cdbc-44f7-9ee0-20a1aa8838c1|
00:55:30||Templates/Nostalgia.odp|8|2|1785907317|d50ed76bbdd78df4dc76ae2ff0fdb36d|560887|00000030ocarc708qxdf|13||200|0|0|285bec43-4ded-45ba-bdc6-b23a09d8ff65|
00:55:30||Templates/Mother's day.odt|8|2|1785907317|7e5c2bdb2451c655230277d9f77a4d9b|340061|00000033ocarc708qxdf|13||200|0|0|03ea150a-1d0c-47d3-b8ae-2f5f8482c024|
00:55:30||Templates/Org chart.odg|8|2|1785907318|c812e34a4108a4439d400908c66a419a|13878|00000046ocarc708qxdf|13||200|0|0|a4523a4c-fab6-4193-9238-809c7920f2cb|
00:55:30||Templates/Party invitation.odt|8|2|1785907318|7fc7b20f646db40bab982dea5d7b6d78|868111|00000039ocarc708qxdf|13||200|0|0|92528bed-321c-4f30-be12-63a9792c5eb5|
00:55:30||Templates/Pitch deck.odp|8|2|1785907319|5f9d86efb05c45f3f1a5189ccff8dfe8|35963|00000059ocarc708qxdf|13||200|0|0|f1118dc9-f43b-4022-ac06-9d019c33079f|
00:55:30||Templates/Product plan.md|8|2|1785907318|9895e362b70448ff3e25c6279a0142db|573|00000037ocarc708qxdf|13||200|0|0|26034116-b7dd-4785-81f2-c1b808cd84db|
00:55:30||Templates/Readme.md|8|2|1785907320|35a79ba630de2cf546299ffc59ad45ef|554|00000066ocarc708qxdf|13||200|0|0|9373d1a6-81a4-42c3-a4a8-0f3191c37db4|
00:55:30||Templates/Report.odt|8|2|1785907319|21bca9801fc154174d37ce2c5138d16c|34163|00000060ocarc708qxdf|13||200|0|0|3a2d7681-9295-4d23-b867-9e5af0b958a5|
00:55:31||Templates/Resume.odt|8|2|1785907318|a4c5540945fd932446a89df387496a25|17331|00000045ocarc708qxdf|13||200|0|0|ff03b08c-586d-4a9b-8c7e-8cc85ee9ab28|
00:55:31||Templates/Security.odp|8|2|1785907318|df01e05b3e952ddfb1c1e27b27ff29f5|190107|00000042ocarc708qxdf|13||200|0|0|ffd0a203-5494-47e1-bdfb-5aec542f8c46|
00:55:31||Templates/Sticky notes.whiteboard|8|2|1785907319|a1cc09a98b629df9fe9e82182d99f4f6|45778|00000051ocarc708qxdf|13||200|0|0|a14cc3aa-1a9a-45fb-93cd-3f5b0aac4aa6|
00:55:31||Templates/Simple.odp|8|2|1785907320|197e0a05f192627bd03ef548d6fced27|14810|00000065ocarc708qxdf|13||200|0|0|ce7c48a6-b316-422c-bda4-09e5579c9b2b|
00:55:31||Templates/Syllabus.odt|8|2|1785907319|0802d7aa85242cc3c3ed7cc420b6341a|32323|00000058ocarc708qxdf|13||200|0|0|bcf44431-758f-4de1-892e-0c1dd2f9759b|
00:55:31||Templates/Timeline.whiteboard|8|2|1785907318|89cced50e57b1ecbb079a19344fbed90|31325|00000040ocarc708qxdf|13||200|0|0|f92d20ae-4044-42f6-8398-b41a29eb318e|
00:55:31||Templates/Timesheet.ods|8|2|1785907317|8513057bc3eb898732bf35fe4c957743|90170|00000027ocarc708qxdf|13||200|0|0|21cc4e71-832e-4d11-971b-0ba06617e858|
00:55:31||Templates/Triangle.odp|8|2|1785907318|0fa03c5e4a015a6970926ccc502488d2|35454|00000044ocarc708qxdf|13||200|0|0|1af1e2c6-8d5a-4895-bf45-cac3d5586964|
00:55:31||Templates/Venn diagram.whiteboard|8|2|1785907317|72848556f0e22cd8873280e04ec17246|23359|00000029ocarc708qxdf|13||200|0|0|d8fa4c80-1378-4d76-aba2-eae9095dc805|
00:55:31||Templates/Yellow idea.odp|8|2|1785907318|e6e1283b755582aabb7e2ea150d5e69c|81196|00000047ocarc708qxdf|13||200|0|0|8df45229-05af-4e76-951d-099cba8eb491|
00:55:30||Templates/Photo book.odt|8|2|1785907320|8060bb697de9c910635666d6552020ea|5155877|00000063ocarc708qxdf|13||200|0|0|f6470ed3-0c7d-4a28-a7d6-78fcc34597cd|
00:55:30||Templates/Onboarding.odp|8|2|1785907319|2857eb84f79fd0132fedf09b14a08df7|9904434|00000056ocarc708qxdf|13||200|0|0|a0d83e1f-d8da-4b4c-89c3-6aab5947d290|
00:55:32||Nextcloud intro.mp4|8|2|1785907316|7bd8397e286ab179b2b0e9a8992b1a6b|3963036|00000016ocarc708qxdf|13||200|0|0|17018454-0659-40ef-b4ea-8c3f639c968f|
00:55:32||Nextcloud.png|8|2|1785907320|2dcc4397a1cfdef8fa80cb4ccd959942|50598|00000069ocarc708qxdf|13||200|0|0|a66995b5-a986-48b2-b394-4bf55ea1acbb|
00:55:32||Readme.md|8|2|1785907316|e438294734e2053e289b54eee7129cb2|197|00000022ocarc708qxdf|13||200|0|0|84a96009-d2d6-46c5-a119-a51822033756|
00:55:32||Reasons to use Nextcloud.pdf|8|2|1785907316|fa9bc932b817041b67a2fa5e55111e70|976625|00000015ocarc708qxdf|13||200|0|0|c5f4ed90-d8dd-43b4-8733-0c23a1bb1b87|
00:55:32||Templates credits.md|8|2|1785907316|74c01945fa923219745849fd6437fa91|3168|00000014ocarc708qxdf|13||200|0|0|617e0764-0e77-41d0-99a5-1439d0cdb715|
00:55:31||Nextcloud Manual.pdf|8|2|1785907315|94509bb389567ec7506498abab0aaf76|27223718|00000003ocarc708qxdf|13||200|0|0|a987208c-980e-4f5f-baad-c4b13ffe92d1|
#=#=#=# Syncrun finished 2026-08-06T00:55:33Z (last step: 5893 msec, total: 6827 msec)
#=#=#=# Syncrun started 2026-08-06T00:55:37Z
#=#=#=#=# Propagation starts 2026-08-06T00:55:38Z (last step: 257 msec, total: 257 msec)
#=#=#=# Syncrun finished 2026-08-06T00:55:38Z (last step: 7 msec, total: 265 msec)
#=#=#=# Syncrun started 2026-08-06T00:59:20Z
#=#=#=#=# Propagation starts 2026-08-06T00:59:21Z (last step: 703 msec, total: 703 msec)
00:59:21||Cobra knot and loop paracord bracelet on 2 strand core .mp4|8|1|1785826752|d69adbf7f3d30a5233a39b77c1396fcb|68887178|00000164ocarc708qxdf|13||201|0|0|bcca571e-6b76-4682-99f3-8982a202eb99|
00:59:21||Cobra knot and loop paracord bracelet on a four strand core short version .mp4|8|1|1785826761|b629582d24f6435a8ffc43dc85b73089|57621378|00000166ocarc708qxdf|13||201|0|0|91090957-8aee-467b-b797-9b5e1bd73082|
00:59:47||Cobra knot bracelet on buckles part 2.mp4|8|1|1785826848|ff880472f2ed7fba3be5f2daf1e2bc50|66742206|00000167ocarc708qxdf|13||201|0|0|6110ed6c-653c-4d15-825a-9db18d16f9a3|
01:00:18||Four strand core for bracelets part 1 .mp4|8|1|1785826864|b5ca55f112693f00a990fe2e4086e8bf|26734717|00000168ocarc708qxdf|13||201|0|0|209f2b0c-2591-46bc-a584-222bdf38b7c9|
01:00:13||Fishtail paracord bracelet .mp4|8|1|1785826828|df8339307cd0dd034de375a0d48854ec|51056303|00000170ocarc708qxdf|13||201|0|0|55a04457-bc6d-469b-b325-fe1b0dee9b36|
01:01:01||Nextcloud intro.mp4|64|1|1785385185|54b293915a31200f2bae4cab4b2ec231|3963036|00000016ocarc708qxdf|13||204|3963036|1785907316|0013f5d6-55ca-4778-87f6-6fdd2c2aa4fe|
01:00:35||How to make a king cobra bracelet .mp4|8|1|1785826848|85e67305de1f7099356efe953a345ce8|98224806|00000174ocarc708qxdf|13||201|0|0|b4c0bfcb-7bbc-4846-9bfb-2ea3658ae542|
01:01:05||Single fishtail paracord bracelet .mp4|8|1|1785826820|050623d425ad354deea7ea203c5fb7ac|49795522|00000175ocarc708qxdf|13||201|0|0|233f3d59-ec91-4f2e-b496-423df4437fa8|
01:01:20||how to make a 2 strand core knot and loop paracord bracelet .mp4|8|1|1785826793|f73db4b68af426ffa849c0b0ee984fee|65905879|00000178ocarc708qxdf|13||201|0|0|10cf45e3-ab1a-44af-84d1-b659a078b00f|
01:01:53||how to make a 6 strand paracord bracelet core.mp4|8|1|1785826890|51dc839d6af610609b2f6f68677bf7ea|98731524|00000180ocarc708qxdf|13||201|0|0|ed44d78e-4368-42f0-98dc-419021fcf68c|
01:02:32||how to make a celtic paracord ring.mp4|8|1|1785826903|0fd37ca378e15662897e6209341fdd19|58587460|00000183ocarc708qxdf|13||201|0|0|395c2154-bed8-4c2c-ae0f-a4aec1609384|
01:01:53||2026-07-30 22-36-27.mp4|8|1|1785466044|25f8a194a97affe670de3d812852be77|423676785|00000185ocarc708qxdf|13||201|0|0|268cb02f-20a9-4015-9bfd-a01aea4716a1|
01:02:53||how to make a 4 strand knot and loop  paracord bracelet core.mp4|8|1|1785826775|3563742ee82142677175c80459892d11|129760001|00000187ocarc708qxdf|13||201|0|0|b39ff657-fb9d-4b8a-b478-f4c4a6933c2e|
01:03:28||how to make a knot and loop paracord bracelet core.mp4|8|1|1785826919|04477d5161c4df977dd56ea4a48ef319|105383691|00000191ocarc708qxdf|13||201|0|0|c1a4e8a3-5e87-48fa-8a80-fe415911ea64|
01:03:48||how to make a cobra knot and loop paracord bracelet on two strand core .mp4|8|1|1785826803|072d91942f820a0f5772e4168079784f|168276376|00000193ocarc708qxdf|13||201|0|0|39140d67-9d2b-4c8c-a72c-6319f4fe4973|
#=#=#=# Syncrun finished 2026-08-06T01:04:09Z (last step: 288467 msec, total: 289171 msec)
#=#=#=# Syncrun started 2026-08-06T01:04:36Z
#=#=#=#=# Propagation starts 2026-08-06T01:04:37Z (last step: 328 msec, total: 328 msec)
#=#=#=# Syncrun finished 2026-08-06T01:04:37Z (last step: 6 msec, total: 334 msec)
#=#=#=# Syncrun started 2026-08-06T03:04:37Z
#=#=#=#=# Propagation starts 2026-08-06T03:04:39Z (last step: 1158 msec, total: 1158 msec)
#=#=#=# Syncrun finished 2026-08-06T03:04:39Z (last step: 6 msec, total: 1164 msec)
