/home/jacob/Nextcloud/
# timestamp | duration | file | instruction | dir | modtime | etag | size | fileId | status | errorString | http result code | other size | other modtime | X-Request-ID
#=#=#=# Syncrun started 2026-07-30T06:09:40Z
#=#=#=#=# Propagation starts 2026-07-30T06:09:40Z (last step: 369 msec, total: 369 msec)
||Documents|8|2|1785385184|6a6ad0e01437d|0|00000008octrpxaoqlnh|13||0|0|0||
||Photos|8|2|1785385186|6a6ad0e24de7e|0|00000016octrpxaoqlnh|13||0|0|0||
06:09:40||Documents/Example.md|8|2|1785385183|f43d44e9d4397523396bbf5dab991f50|1095|00000009octrpxaoqlnh|13||200|0|0|1541f2a7-e256-4c7c-a89b-fedeb8d4a948|
06:09:40||Documents/Nextcloud flyer.pdf|8|2|1785385183|e7ecf167333a3c33c34a2e7d8d628624|1083339|00000010octrpxaoqlnh|13||200|0|0|adc9387c-0e6f-4d06-9e0c-f08db2453655|
06:09:40||Documents/Readme.md|8|2|1785385183|ace28dedb036c59c1de94f653b666017|136|00000011octrpxaoqlnh|13||200|0|0|4431b8e0-efb6-46b9-822a-01d7e4c7f671|
06:09:40||Documents/Welcome to Nextcloud Hub.docx|8|2|1785385184|af845580766f5303c7acad8681360130|23876|00000012octrpxaoqlnh|13||200|0|0|5962f0da-ed7f-4784-9c3a-379de910aaf3|
06:09:40||Photos/Birdie.jpg|8|2|1785385185|65eebe0a9ddec6d40155d66f989b5483|593508|00000017octrpxaoqlnh|13||200|0|0|1ac26cf9-4f54-41c9-bc6f-90a87c124c30|
06:09:40||Photos/Frog.jpg|8|2|1785385185|12711f8c26a54e790218232a1c9c4877|457744|00000018octrpxaoqlnh|13||200|0|0|cbc12105-9208-4f90-92b4-29ae1557941a|
06:09:40||Photos/Gorilla.jpg|8|2|1785385185|445dfd2e8023e976f0a2cc493a2a9394|474653|00000019octrpxaoqlnh|13||200|0|0|0c36794a-d59e-42a6-a2db-64da29fe83a3|
06:09:40||Photos/Library.jpg|8|2|1785385185|0c833deac4c864b2ad5673237db18257|2170375|00000020octrpxaoqlnh|13||200|0|0|e927484f-9843-41c3-a02a-18fd05e7a0d5|
06:09:40||Photos/Nextcloud community.jpg|8|2|1785385185|7873b2983a27541edda0ac2bcdba6a1a|797325|00000021octrpxaoqlnh|13||200|0|0|4cd9226a-43d9-4479-a7a0-4cc4c914f783|
06:09:40||Photos/Readme.md|8|2|1785385186|f5297a81939ee6a4a24444f1328df1ad|150|00000022octrpxaoqlnh|13||200|0|0|83ea22ba-6a9a-4b2a-a046-3490db642cab|
06:09:40||Photos/Steps.jpg|8|2|1785385186|782f4552d21eaf6f195086599e3058cd|567689|00000023octrpxaoqlnh|13||200|0|0|3c480862-ca13-47ac-9f53-405f3c1298aa|
||Templates|8|2|1785385189|6a6ad0e5f2b93|0|00000028octrpxaoqlnh|13||0|0|0||
06:09:40||Photos/Vineyard.jpg|8|2|1785385186|877c55b6300aa80189f5fadf9508d2cb|427030|00000025octrpxaoqlnh|13||200|0|0|68d014a7-00f0-4387-b610-c3b95179eea6|
06:09:40||Photos/Toucan.jpg|8|2|1785385186|b1074100a87104561b9a02f600c0215c|167989|00000024octrpxaoqlnh|13||200|0|0|cc039ea0-5a2a-431a-bcdf-2e07edfa52bc|
06:09:40||Templates/Brainstorming.whiteboard|8|2|1785385186|4212480e92f8e7555d9b3d30d61c0f76|30780|00000029octrpxaoqlnh|13||200|0|0|8d984fba-4db6-4abb-b1ca-c665f9990150|
06:09:40||Templates/Business model canvas.odg|8|2|1785385186|ac6faa4f20ab9c9dca79294db1d1f033|16988|00000030octrpxaoqlnh|13||200|0|0|9dc370d3-f6ad-43b4-bd6e-afec14fb0a11|
06:09:40||Templates/Business model canvas.ods|8|2|1785385186|bedc55f4ee11d50bbff002ee31ae5fc1|29055|00000031octrpxaoqlnh|13||200|0|0|bc98e2a3-8478-40c4-89d0-db7e87ec5e28|
06:09:41||Templates/Business model canvas.whiteboard|8|2|1785385186|163458df3bbfcf892779ce96314cac98|30290|00000032octrpxaoqlnh|13||200|0|0|3aa3e630-3a2b-4c17-b848-87d8cd5ae833|
06:09:41||Templates/Certificate.odt|8|2|1785385186|58c9c2a9b7fef5a1f01d95ffb1752aa9|33441|00000034octrpxaoqlnh|13||200|0|0|17d86cad-b37c-4ad2-9b39-32a0b56b5a8a|
06:09:41||Templates/Calendar.odt|8|2|1785385186|cf25b89dce0e931b0c11ffb9d9369554|22675|00000033octrpxaoqlnh|13||200|0|0|bc956472-200d-4665-926b-787baed6be5e|
06:09:41||Templates/Diagram & table.ods|8|2|1785385187|55facae87cb8f16f8e5739406628087e|13378|00000036octrpxaoqlnh|13||200|0|0|4d50b495-ee10-46e7-8a7a-edfa53f47464|
06:09:41||Templates/Checklist.ods|8|2|1785385186|85f2b5a466f3eaf79adf9f9e5de32a40|256849|00000035octrpxaoqlnh|13||200|0|0|50c83f81-09a9-479d-99f2-cd0031aa02c9|
06:09:41||Templates/Ecosystem.odp|8|2|1785385187|9ab1c54da54fa4297c0e28f8465d6236|1441424|00000037octrpxaoqlnh|13||200|0|0|51a26714-2454-4eac-8d4b-5644fcf0b11b|
06:09:41||Templates/Elegant.odp|8|2|1785385187|c2eaa75caa324614e20de0d9f6f90fd4|14316|00000038octrpxaoqlnh|13||200|0|0|59519478-4719-4a71-99ff-dd1a7691f687|
06:09:41||Templates/Expense report.ods|8|2|1785385187|ae7e252d06fbbe750ff53c2d78ad6d8b|19026|00000039octrpxaoqlnh|13||200|0|0|2dab775c-e89b-43ea-b878-110bb86ffac3|
06:09:41||Templates/Flowchart.whiteboard|8|2|1785385187|2686b4578f500b5b322c09e27446631c|31132|00000041octrpxaoqlnh|13||200|0|0|8316d56b-7819-4c6c-99d1-6bd37aaac4f3|
06:09:41||Templates/Flowchart.odg|8|2|1785385187|b9601a80fd5f6d23c48abd4779b07c45|11836|00000040octrpxaoqlnh|13||200|0|0|1a0abd73-4e36-478b-96cb-9e6f5c4ef88b|
06:09:41||Templates/Impact effort.whiteboard|8|2|1785385187|c3d00cafe5329b976a3218e628b6a3df|30671|00000043octrpxaoqlnh|13||200|0|0|18507577-0aa4-4d8e-80c4-8d3328e00014|
06:09:41||Templates/Gotong royong.odp|8|2|1785385187|d3e6a2542484993c91578aae5ce6795a|3509628|00000042octrpxaoqlnh|13||200|0|0|50679077-57fd-43ad-9560-9850939e4a43|
06:09:41||Templates/Invoice.ods|8|2|1785385187|f850ee20258fd56751ba2993ddd6b1e6|22002|00000044octrpxaoqlnh|13||200|0|0|b22838d7-c7dd-4dcd-9375-a6f81e2bd7c1|
06:09:41||Templates/Invoice.odt|8|2|1785385187|c1561bf75b95f9baf0e03ec7bc5a7e52|17276|00000045octrpxaoqlnh|13||200|0|0|1689fc7a-96b7-408e-bd0d-4109cfa5cec0|
06:09:41||Templates/Kanban board.whiteboard|8|2|1785385187|2d62eb972d08d90242554142a180bdf4|25621|00000046octrpxaoqlnh|13||200|0|0|25b6d2c5-aaea-4d67-8cf6-3ef219a2bf7d|
06:09:41||Templates/Letter.odt|8|2|1785385187|9cbc98d2012a26fca495379f428f1df7|15961|00000047octrpxaoqlnh|13||200|0|0|3ef1d505-bc12-4845-b274-345fae3ae48e|
06:09:41||Templates/Meeting agenda.whiteboard|8|2|1785385187|f9169b15d2e253221ef36ecf9803298e|27629|00000048octrpxaoqlnh|13||200|0|0|9fc52ba9-2415-4be5-bc0f-16b5f0f62dcb|
06:09:41||Templates/Meeting notes.md|8|2|1785385188|d0097f57d2d31f9089774a8b916baa35|326|00000049octrpxaoqlnh|13||200|0|0|9577fb74-4a4d-4a5b-9093-3f0631ebac5d|
06:09:41||Templates/Mind map.whiteboard|8|2|1785385188|b7fc158e501a130e4d697ba0c055761e|35657|00000051octrpxaoqlnh|13||200|0|0|60d08f46-c3c6-4d1e-963c-c94963e2eac0|
06:09:41||Templates/Mindmap.odg|8|2|1785385188|da978c4078509d8d13337cc31626475c|13653|00000052octrpxaoqlnh|13||200|0|0|201bf204-0953-4835-a103-df2d38f47605|
06:09:41||Templates/Menu.odt|8|2|1785385188|0ecf1d58022699a4eb19d99d65448a76|33089|00000050octrpxaoqlnh|13||200|0|0|15892491-2b10-4caa-b88e-f7d0dd280990|
06:09:41||Templates/Modern company.odp|8|2|1785385188|bab77a88245b2bd6375b91b78e57b66e|317015|00000053octrpxaoqlnh|13||200|0|0|b379d1c4-d991-4213-a385-deb70142f211|
06:09:41||Templates/Mother's day.odt|8|2|1785385188|06fb82df68ab087954c39f3ff2041677|340061|00000054octrpxaoqlnh|13||200|0|0|960d438f-aa62-4ef1-a21f-baf4402a3f37|
06:09:41||Templates/Nostalgia.odp|8|2|1785385188|5344fd7b655ba79b64fc06731e65819d|560887|00000055octrpxaoqlnh|13||200|0|0|771cacf7-410c-4776-a20c-f1d2746fa428|
06:09:41||Templates/Org chart.odg|8|2|1785385188|080e754617a637be56dc93a1fc39580b|13878|00000057octrpxaoqlnh|13||200|0|0|813ac504-1dbc-4e09-aaed-694d78423e74|
06:09:41||Templates/Party invitation.odt|8|2|1785385188|5f6579ead6441578083a19402110f531|868111|00000058octrpxaoqlnh|13||200|0|0|53db97b4-5867-4270-a4d3-72d93c2a6f4a|
06:09:41||Templates/Onboarding.odp|8|2|1785385188|60e9b97a4673e13c27f16b7bb93caca9|9904434|00000056octrpxaoqlnh|13||200|0|0|7eee87f9-5207-4cbd-9223-cb9eeec12a76|
06:09:41||Templates/Photo book.odt|8|2|1785385188|d2ada89c89b7aee6d0fa0ea7a2fdd63c|5155877|00000059octrpxaoqlnh|13||200|0|0|e70c417d-6fe9-4b91-938a-f143f345a704|
06:09:41||Templates/Product plan.md|8|2|1785385189|effaca307339b46651a97788b7d3e74f|573|00000061octrpxaoqlnh|13||200|0|0|34d6cbaf-67ea-4625-b329-0e3aaf81e3fe|
06:09:41||Templates/Report.odt|8|2|1785385189|249a829ff8b66d5a6a11c4d8d629c02a|34163|00000063octrpxaoqlnh|13||200|0|0|d8126be1-b0cc-43ca-a095-ace9f92cb694|
06:09:41||Templates/Pitch deck.odp|8|2|1785385189|5f3b95adb52f2906f07e98ddb36fefad|35963|00000060octrpxaoqlnh|13||200|0|0|94c13bfc-f0b8-426e-80e9-88abd1cf14b6|
06:09:41||Templates/Readme.md|8|2|1785385189|36569e6e9776829e99fddc81ac7adf69|554|00000062octrpxaoqlnh|13||200|0|0|6daffa53-44b9-4655-a82f-7f34ee1f40aa|
06:09:41||Templates/Resume.odt|8|2|1785385189|8dbda1fe5f915ebd1fc43ded1f708270|17331|00000064octrpxaoqlnh|13||200|0|0|65680c4f-65d5-40e7-a99a-236c7406b57e|
06:09:41||Templates/Simple.odp|8|2|1785385189|82983c4c0282ee017454195c15813bc6|14810|00000066octrpxaoqlnh|13||200|0|0|1042daa6-3b68-4160-9f8f-125b4fabc9bb|
06:09:41||Templates/Security.odp|8|2|1785385189|c531d22dda381d2ac129a36293e7615f|190107|00000065octrpxaoqlnh|13||200|0|0|7cb315ed-41ed-496f-8a36-945556d04af6|
06:09:41||Templates/Sticky notes.whiteboard|8|2|1785385189|acf350c8aa6c6b6ece1fa9748eabeb1f|45778|00000067octrpxaoqlnh|13||200|0|0|c98ba0ef-3607-4a1c-9d0f-a12174594749|
06:09:41||Templates/Syllabus.odt|8|2|1785385189|68615092ff3e7b65d176b1841f0fac53|32323|00000068octrpxaoqlnh|13||200|0|0|901bda4e-f1c3-4f69-9953-321b58580569|
06:09:41||Templates/Timeline.whiteboard|8|2|1785385189|83f2d8cdf9fc1884065908a7fc90e592|31325|00000069octrpxaoqlnh|13||200|0|0|bef65972-e8de-40d8-8775-4fbce8a4a003|
06:09:41||Templates/Triangle.odp|8|2|1785385189|64e2d469b456ec656d57a5791d1d49c1|35454|00000071octrpxaoqlnh|13||200|0|0|da1ed103-0ede-44d2-a2a8-57af602d412a|
06:09:41||Templates/Timesheet.ods|8|2|1785385189|d5d1ad76982774b87cbda297b2a27c67|90170|00000070octrpxaoqlnh|13||200|0|0|920a93a0-c25f-4339-b8b3-d0a2c76bde2e|
06:09:41||Templates/Venn diagram.whiteboard|8|2|1785385189|3ba8b63e7c9130eeccf20a250ebbb8b9|23359|00000072octrpxaoqlnh|13||200|0|0|a9c687ae-136b-4ea6-842c-feaad804a994|
06:09:41||Templates/Yellow idea.odp|8|2|1785385189|13d5fe734bc473091236b111e25c1ea6|81196|00000073octrpxaoqlnh|13||200|0|0|904eba1b-e92f-4488-879b-c251a0c3b1ba|
06:09:41||Readme.md|8|2|1785385186|2b505c0839c364bc173cab2221bca831|197|00000026octrpxaoqlnh|13||200|0|0|05011079-04c7-4168-8434-4942da67e02c|
06:09:41||Nextcloud intro.mp4|8|2|1785385185|e9ccf1972797c0ac5729302bf0ec7309|3963036|00000014octrpxaoqlnh|13||200|0|0|7a604b2e-d64c-4398-8979-b476fff1315e|
06:09:41||Nextcloud.png|8|2|1785385185|e86a1d0de0e1874ccbb66b43369a4c6c|50598|00000015octrpxaoqlnh|13||200|0|0|7e268db1-96ba-495d-98ed-8b8b75b62aec|
06:09:41||Templates credits.md|8|2|1785385190|c16f40189ad2c370977294cfd03cfa43|3168|00000074octrpxaoqlnh|13||200|0|0|b11bdcd6-7cef-466e-8cba-54aba324be9b|
06:09:41||Reasons to use Nextcloud.pdf|8|2|1785385186|266e8261db9586c6802978305cedb9bf|976625|00000027octrpxaoqlnh|13||200|0|0|b350ad18-6461-48bd-9dee-65ea91a3c0d3|
06:09:41||Nextcloud Manual.pdf|8|2|1785385184|7d2d115975c62aea9a80f073c09d8393|29699657|00000013octrpxaoqlnh|13||200|0|0|ea764aa8-016d-4e3c-a6dc-c870a318d78f|
#=#=#=# Syncrun finished 2026-07-30T06:09:41Z (last step: 957 msec, total: 1326 msec)
#=#=#=# Syncrun started 2026-07-30T06:48:55Z
#=#=#=#=# Propagation starts 2026-07-30T06:48:55Z (last step: 72 msec, total: 72 msec)
#=#=#=# Syncrun finished 2026-07-30T06:48:55Z (last step: 7 msec, total: 80 msec)
