--------------------------------------------------------------------------------
[Jul 25, 2026 5:31:38.8 AM GMT:ERROR:creative_new_tab_page_ads_util.cc(153)] Successfully saved creative new tab page ads
[Jul 25, 2026 5:31:38.8 AM GMT:ERROR:creative_new_tab_page_ads_util.cc(138)] Successfully saved creative set conversions
[Jul 25, 2026 5:38:17.4 AM GMT:ERROR:search_result_ad_event_handler.cc(244)] Failed to fire search result ad kServedImpression event for placement_id f41f3e38-668a-415e-b9ee-e5db79186205 and creative instance id 901bfe6b-c433-4766-9609-85af37075ee8
--------------------------------------------------------------------------------
[Jul 25, 2026 5:56:54.3 AM GMT:ERROR:creative_new_tab_page_ads_util.cc(153)] Successfully saved creative new tab page ads
[Jul 25, 2026 5:56:54.3 AM GMT:ERROR:creative_new_tab_page_ads_util.cc(138)] Successfully saved creative set conversions
--------------------------------------------------------------------------------
[Jul 25, 2026 6:10:00.5 AM GMT:ERROR:creative_new_tab_page_ads_util.cc(153)] Successfully saved creative new tab page ads
[Jul 25, 2026 6:10:00.5 AM GMT:ERROR:creative_new_tab_page_ads_util.cc(138)] Successfully saved creative set conversions
--------------------------------------------------------------------------------
[Jul 25, 2026 6:18:01.2 AM GMT:ERROR:creative_new_tab_page_ads_util.cc(153)] Successfully saved creative new tab page ads
[Jul 25, 2026 6:18:01.2 AM GMT:ERROR:creative_new_tab_page_ads_util.cc(138)] Successfully saved creative set conversions
--------------------------------------------------------------------------------
[Jul 25, 2026 11:30:20.8 PM GMT:ERROR:creative_new_tab_page_ads_util.cc(153)] Successfully saved creative new tab page ads
[Jul 25, 2026 11:30:20.8 PM GMT:ERROR:creative_new_tab_page_ads_util.cc(138)] Successfully saved creative set conversions
[Jul 26, 2026 3:25:25.9 AM GMT:ERROR:creative_new_tab_page_ads_util.cc(153)] Successfully saved creative new tab page ads
[Jul 26, 2026 3:25:25.9 AM GMT:ERROR:creative_new_tab_page_ads_util.cc(138)] Successfully saved creative set conversions
--------------------------------------------------------------------------------
[Jul 26, 2026 4:16:35.7 AM GMT:ERROR:creative_new_tab_page_ads_util.cc(153)] Successfully saved creative new tab page ads
[Jul 26, 2026 4:16:35.7 AM GMT:ERROR:creative_new_tab_page_ads_util.cc(138)] Successfully saved creative set conversions
--------------------------------------------------------------------------------
[Jul 26, 2026 4:24:37.2 AM GMT:ERROR:creative_new_tab_page_ads_util.cc(153)] Successfully saved creative new tab page ads
[Jul 26, 2026 4:24:37.2 AM GMT:ERROR:creative_new_tab_page_ads_util.cc(138)] Successfully saved creative set conversions
--------------------------------------------------------------------------------
[Jul 27, 2026 12:40:52.2 AM GMT:ERROR:creative_new_tab_page_ads_util.cc(153)] Successfully saved creative new tab page ads
[Jul 27, 2026 12:40:52.2 AM GMT:ERROR:creative_new_tab_page_ads_util.cc(138)] Successfully saved creative set conversions
[Jul 27, 2026 3:25:52.7 AM GMT:ERROR:creative_new_tab_page_ads_util.cc(153)] Successfully saved creative new tab page ads
[Jul 27, 2026 3:25:52.7 AM GMT:ERROR:creative_new_tab_page_ads_util.cc(138)] Successfully saved creative set conversions
--------------------------------------------------------------------------------
[Jul 27, 2026 4:18:09.6 AM GMT:ERROR:creative_new_tab_page_ads_util.cc(153)] Successfully saved creative new tab page ads
[Jul 27, 2026 4:18:09.6 AM GMT:ERROR:creative_new_tab_page_ads_util.cc(138)] Successfully saved creative set conversions
--------------------------------------------------------------------------------
[Jul 27, 2026 4:55:03.0 AM GMT:ERROR:creative_new_tab_page_ads_util.cc(153)] Successfully saved creative new tab page ads
[Jul 27, 2026 4:55:03.0 AM GMT:ERROR:creative_new_tab_page_ads_util.cc(138)] Successfully saved creative set conversions
--------------------------------------------------------------------------------
[Jul 27, 2026 11:07:07.4 PM GMT:ERROR:creative_new_tab_page_ads_util.cc(153)] Successfully saved creative new tab page ads
[Jul 27, 2026 11:07:07.4 PM GMT:ERROR:creative_new_tab_page_ads_util.cc(138)] Successfully saved creative set conversions
--------------------------------------------------------------------------------
[Jul 27, 2026 11:33:54.1 PM GMT:ERROR:creative_new_tab_page_ads_util.cc(153)] Successfully saved creative new tab page ads
[Jul 27, 2026 11:33:54.1 PM GMT:ERROR:creative_new_tab_page_ads_util.cc(138)] Successfully saved creative set conversions
--------------------------------------------------------------------------------
[Jul 27, 2026 11:57:57.6 PM GMT:ERROR:creative_new_tab_page_ads_util.cc(153)] Successfully saved creative new tab page ads
[Jul 27, 2026 11:57:57.6 PM GMT:ERROR:creative_new_tab_page_ads_util.cc(138)] Successfully saved creative set conversions
--------------------------------------------------------------------------------
[Jul 28, 2026 12:17:26.5 AM GMT:ERROR:creative_new_tab_page_ads_util.cc(153)] Successfully saved creative new tab page ads
[Jul 28, 2026 12:17:26.5 AM GMT:ERROR:creative_new_tab_page_ads_util.cc(138)] Successfully saved creative set conversions
[Jul 28, 2026 3:17:27.0 AM GMT:ERROR:creative_new_tab_page_ads_util.cc(153)] Successfully saved creative new tab page ads
[Jul 28, 2026 3:17:27.0 AM GMT:ERROR:creative_new_tab_page_ads_util.cc(138)] Successfully saved creative set conversions
--------------------------------------------------------------------------------
[Jul 28, 2026 4:52:02.2 PM GMT:ERROR:creative_new_tab_page_ads_util.cc(153)] Successfully saved creative new tab page ads
[Jul 28, 2026 4:52:02.2 PM GMT:ERROR:creative_new_tab_page_ads_util.cc(138)] Successfully saved creative set conversions
[Jul 28, 2026 4:52:08.0 PM GMT:ERROR:creative_new_tab_page_ads_util.cc(153)] Successfully saved creative new tab page ads
[Jul 28, 2026 4:52:08.0 PM GMT:ERROR:creative_new_tab_page_ads_util.cc(138)] Successfully saved creative set conversions
--------------------------------------------------------------------------------
[Jul 28, 2026 9:39:27.1 PM GMT:ERROR:creative_new_tab_page_ads_util.cc(153)] Successfully saved creative new tab page ads
[Jul 28, 2026 9:39:27.1 PM GMT:ERROR:creative_new_tab_page_ads_util.cc(138)] Successfully saved creative set conversions
--------------------------------------------------------------------------------
[Jul 28, 2026 9:54:18.6 PM GMT:ERROR:creative_new_tab_page_ads_util.cc(153)] Successfully saved creative new tab page ads
[Jul 28, 2026 9:54:18.6 PM GMT:ERROR:creative_new_tab_page_ads_util.cc(138)] Successfully saved creative set conversions
--------------------------------------------------------------------------------
[Jul 28, 2026 11:09:33.2 PM GMT:ERROR:creative_new_tab_page_ads_util.cc(153)] Successfully saved creative new tab page ads
[Jul 28, 2026 11:09:33.2 PM GMT:ERROR:creative_new_tab_page_ads_util.cc(138)] Successfully saved creative set conversions
--------------------------------------------------------------------------------
[Jul 28, 2026 11:30:19.4 PM GMT:ERROR:creative_new_tab_page_ads_util.cc(153)] Successfully saved creative new tab page ads
[Jul 28, 2026 11:30:19.4 PM GMT:ERROR:creative_new_tab_page_ads_util.cc(138)] Successfully saved creative set conversions
--------------------------------------------------------------------------------
[Jul 28, 2026 11:31:21.7 PM GMT:ERROR:creative_new_tab_page_ads_util.cc(153)] Successfully saved creative new tab page ads
[Jul 28, 2026 11:31:21.7 PM GMT:ERROR:creative_new_tab_page_ads_util.cc(138)] Successfully saved creative set conversions
[Jul 29, 2026 3:31:22.2 AM GMT:ERROR:creative_new_tab_page_ads_util.cc(153)] Successfully saved creative new tab page ads
[Jul 29, 2026 3:31:22.2 AM GMT:ERROR:creative_new_tab_page_ads_util.cc(138)] Successfully saved creative set conversions
--------------------------------------------------------------------------------
[Jul 29, 2026 9:53:19.0 PM GMT:ERROR:creative_new_tab_page_ads_util.cc(153)] Successfully saved creative new tab page ads
[Jul 29, 2026 9:53:19.0 PM GMT:ERROR:creative_new_tab_page_ads_util.cc(138)] Successfully saved creative set conversions
--------------------------------------------------------------------------------
[Jul 29, 2026 10:00:12.9 PM GMT:ERROR:creative_new_tab_page_ads_util.cc(153)] Successfully saved creative new tab page ads
[Jul 29, 2026 10:00:12.9 PM GMT:ERROR:creative_new_tab_page_ads_util.cc(138)] Successfully saved creative set conversions
--------------------------------------------------------------------------------
[Jul 29, 2026 10:12:34.7 PM GMT:ERROR:creative_new_tab_page_ads_util.cc(153)] Successfully saved creative new tab page ads
[Jul 29, 2026 10:12:34.7 PM GMT:ERROR:creative_new_tab_page_ads_util.cc(138)] Successfully saved creative set conversions
--------------------------------------------------------------------------------
[Jul 30, 2026 1:45:24.2 AM GMT:ERROR:creative_new_tab_page_ads_util.cc(153)] Successfully saved creative new tab page ads
[Jul 30, 2026 1:45:24.2 AM GMT:ERROR:creative_new_tab_page_ads_util.cc(138)] Successfully saved creative set conversions
[Jul 30, 2026 3:17:42.9 AM GMT:ERROR:search_result_ad_event_handler.cc(244)] Failed to fire search result ad kServedImpression event for placement_id 267d8f72-96e5-4396-a0a5-1fb0029d14cd and creative instance id 802da6cb-ff87-4c8a-816d-25fe4228016f
[Jul 30, 2026 3:30:24.7 AM GMT:ERROR:creative_new_tab_page_ads_util.cc(153)] Successfully saved creative new tab page ads
[Jul 30, 2026 3:30:24.7 AM GMT:ERROR:creative_new_tab_page_ads_util.cc(138)] Successfully saved creative set conversions
[Jul 30, 2026 6:32:30.5 AM GMT:ERROR:search_result_ad_event_handler.cc(244)] Failed to fire search result ad kServedImpression event for placement_id 8b651efb-d6a8-44a8-b1e0-9b3131e3c6ed and creative instance id d44f7b11-7fe7-4b4d-bee0-2cd39220ec1c
[Jul 30, 2026 6:32:31.6 AM GMT:ERROR:search_result_ad_event_handler.cc(244)] Failed to fire search result ad kClicked event for placement_id 8b651efb-d6a8-44a8-b1e0-9b3131e3c6ed and creative instance id d44f7b11-7fe7-4b4d-bee0-2cd39220ec1c
--------------------------------------------------------------------------------
[Jul 30, 2026 7:00:41.7 AM GMT:ERROR:creative_new_tab_page_ads_util.cc(153)] Successfully saved creative new tab page ads
[Jul 30, 2026 7:00:41.7 AM GMT:ERROR:creative_new_tab_page_ads_util.cc(138)] Successfully saved creative set conversions
[Jul 30, 2026 7:00:46.3 AM GMT:ERROR:search_result_ad_event_handler.cc(244)] Failed to fire search result ad kServedImpression event for placement_id 407a5449-eedf-4b77-a518-9cf29b6b865f and creative instance id 6006cf61-2d86-4ebe-8080-58824dec631d
--------------------------------------------------------------------------------
[Jul 30, 2026 7:01:29.4 AM GMT:ERROR:creative_new_tab_page_ads_util.cc(153)] Successfully saved creative new tab page ads
[Jul 30, 2026 7:01:29.4 AM GMT:ERROR:creative_new_tab_page_ads_util.cc(138)] Successfully saved creative set conversions
[Jul 30, 2026 7:01:36.4 AM GMT:ERROR:search_result_ad_event_handler.cc(244)] Failed to fire search result ad kServedImpression event for placement_id 407a5449-eedf-4b77-a518-9cf29b6b865f and creative instance id 6006cf61-2d86-4ebe-8080-58824dec631d
[Jul 30, 2026 7:06:35.5 AM GMT:ERROR:search_result_ad_event_handler.cc(244)] Failed to fire search result ad kServedImpression event for placement_id 4ff1133a-0474-49a0-963a-5c58e7d2c3b1 and creative instance id d44f7b11-7fe7-4b4d-bee0-2cd39220ec1c
[Jul 30, 2026 7:06:36.9 AM GMT:ERROR:search_result_ad_event_handler.cc(244)] Failed to fire search result ad kClicked event for placement_id 4ff1133a-0474-49a0-963a-5c58e7d2c3b1 and creative instance id d44f7b11-7fe7-4b4d-bee0-2cd39220ec1c
--------------------------------------------------------------------------------
[Jul 30, 2026 3:29:50.5 PM GMT:ERROR:creative_new_tab_page_ads_util.cc(153)] Successfully saved creative new tab page ads
[Jul 30, 2026 3:29:50.5 PM GMT:ERROR:creative_new_tab_page_ads_util.cc(138)] Successfully saved creative set conversions
[Jul 30, 2026 6:29:51.0 PM GMT:ERROR:creative_new_tab_page_ads_util.cc(153)] Successfully saved creative new tab page ads
[Jul 30, 2026 6:29:51.0 PM GMT:ERROR:creative_new_tab_page_ads_util.cc(138)] Successfully saved creative set conversions
--------------------------------------------------------------------------------
[Jul 31, 2026 12:37:11.7 AM GMT:ERROR:creative_new_tab_page_ads_util.cc(153)] Successfully saved creative new tab page ads
[Jul 31, 2026 12:37:11.7 AM GMT:ERROR:creative_new_tab_page_ads_util.cc(138)] Successfully saved creative set conversions
[Jul 31, 2026 3:22:12.4 AM GMT:ERROR:creative_new_tab_page_ads_util.cc(153)] Successfully saved creative new tab page ads
[Jul 31, 2026 3:22:12.4 AM GMT:ERROR:creative_new_tab_page_ads_util.cc(138)] Successfully saved creative set conversions
--------------------------------------------------------------------------------
[Jul 31, 2026 7:14:56.7 AM GMT:ERROR:creative_new_tab_page_ads_util.cc(153)] Successfully saved creative new tab page ads
[Jul 31, 2026 7:14:56.7 AM GMT:ERROR:creative_new_tab_page_ads_util.cc(138)] Successfully saved creative set conversions
--------------------------------------------------------------------------------
[Jul 31, 2026 7:22:14.6 AM GMT:ERROR:creative_new_tab_page_ads_util.cc(153)] Successfully saved creative new tab page ads
[Jul 31, 2026 7:22:14.6 AM GMT:ERROR:creative_new_tab_page_ads_util.cc(138)] Successfully saved creative set conversions
--------------------------------------------------------------------------------
[Jul 31, 2026 7:33:00.8 AM GMT:ERROR:creative_new_tab_page_ads_util.cc(153)] Successfully saved creative new tab page ads
[Jul 31, 2026 7:33:00.8 AM GMT:ERROR:creative_new_tab_page_ads_util.cc(138)] Successfully saved creative set conversions
--------------------------------------------------------------------------------
[Jul 31, 2026 7:40:35.8 AM GMT:ERROR:creative_new_tab_page_ads_util.cc(153)] Successfully saved creative new tab page ads
[Jul 31, 2026 7:40:35.8 AM GMT:ERROR:creative_new_tab_page_ads_util.cc(138)] Successfully saved creative set conversions
--------------------------------------------------------------------------------
[Jul 31, 2026 7:47:49.9 AM GMT:ERROR:creative_new_tab_page_ads_util.cc(153)] Successfully saved creative new tab page ads
[Jul 31, 2026 7:47:49.9 AM GMT:ERROR:creative_new_tab_page_ads_util.cc(138)] Successfully saved creative set conversions
--------------------------------------------------------------------------------
[Jul 31, 2026 7:53:00.2 AM GMT:ERROR:creative_new_tab_page_ads_util.cc(153)] Successfully saved creative new tab page ads
[Jul 31, 2026 7:53:00.2 AM GMT:ERROR:creative_new_tab_page_ads_util.cc(138)] Successfully saved creative set conversions
--------------------------------------------------------------------------------
[Jul 31, 2026 9:48:56.3 PM GMT:ERROR:creative_new_tab_page_ads_util.cc(153)] Successfully saved creative new tab page ads
[Jul 31, 2026 9:48:56.3 PM GMT:ERROR:creative_new_tab_page_ads_util.cc(138)] Successfully saved creative set conversions
--------------------------------------------------------------------------------
[Jul 31, 2026 9:49:05.8 PM GMT:ERROR:creative_new_tab_page_ads_util.cc(153)] Successfully saved creative new tab page ads
[Jul 31, 2026 9:49:05.8 PM GMT:ERROR:creative_new_tab_page_ads_util.cc(138)] Successfully saved creative set conversions
--------------------------------------------------------------------------------
[Jul 31, 2026 11:40:43.3 PM GMT:ERROR:creative_new_tab_page_ads_util.cc(153)] Successfully saved creative new tab page ads
[Jul 31, 2026 11:40:43.3 PM GMT:ERROR:creative_new_tab_page_ads_util.cc(138)] Successfully saved creative set conversions
[Aug 01, 2026 3:25:43.8 AM GMT:ERROR:creative_new_tab_page_ads_util.cc(153)] Successfully saved creative new tab page ads
[Aug 01, 2026 3:25:43.8 AM GMT:ERROR:creative_new_tab_page_ads_util.cc(138)] Successfully saved creative set conversions
--------------------------------------------------------------------------------
[Aug 01, 2026 5:14:17.6 AM GMT:ERROR:creative_new_tab_page_ads_util.cc(153)] Successfully saved creative new tab page ads
[Aug 01, 2026 5:14:17.6 AM GMT:ERROR:creative_new_tab_page_ads_util.cc(138)] Successfully saved creative set conversions
[Aug 01, 2026 6:53:07.4 AM GMT:ERROR:search_result_ad_event_handler.cc(244)] Failed to fire search result ad kServedImpression event for placement_id 82d7502b-e61e-47b0-9a87-15ce29137dd7 and creative instance id 5923bb32-40cf-4063-bd06-a34d07f75aff
[Aug 01, 2026 6:54:56.8 AM GMT:ERROR:search_result_ad_event_handler.cc(244)] Failed to fire search result ad kServedImpression event for placement_id 5b558c54-c8a9-46fc-81a0-748639b69c67 and creative instance id bf2b5fa7-1bce-4c4e-a211-47ec6112e536
[Aug 01, 2026 6:54:59.8 AM GMT:ERROR:search_result_ad_event_handler.cc(244)] Failed to fire search result ad kServedImpression event for placement_id 173a7a25-8c85-4d2b-933c-f827c92b23e8 and creative instance id bf2b5fa7-1bce-4c4e-a211-47ec6112e536
--------------------------------------------------------------------------------
[Aug 01, 2026 11:11:21.5 PM GMT:ERROR:creative_new_tab_page_ads_util.cc(153)] Successfully saved creative new tab page ads
[Aug 01, 2026 11:11:21.5 PM GMT:ERROR:creative_new_tab_page_ads_util.cc(138)] Successfully saved creative set conversions
--------------------------------------------------------------------------------
[Aug 01, 2026 11:41:33.1 PM GMT:ERROR:creative_new_tab_page_ads_util.cc(153)] Successfully saved creative new tab page ads
[Aug 01, 2026 11:41:33.1 PM GMT:ERROR:creative_new_tab_page_ads_util.cc(138)] Successfully saved creative set conversions
--------------------------------------------------------------------------------
[Aug 01, 2026 11:47:31.9 PM GMT:ERROR:creative_new_tab_page_ads_util.cc(153)] Successfully saved creative new tab page ads
[Aug 01, 2026 11:47:31.9 PM GMT:ERROR:creative_new_tab_page_ads_util.cc(138)] Successfully saved creative set conversions
--------------------------------------------------------------------------------
[Aug 02, 2026 1:10:19.3 AM GMT:ERROR:creative_new_tab_page_ads_util.cc(153)] Successfully saved creative new tab page ads
[Aug 02, 2026 1:10:19.3 AM GMT:ERROR:creative_new_tab_page_ads_util.cc(138)] Successfully saved creative set conversions
--------------------------------------------------------------------------------
[Aug 02, 2026 1:49:58.5 AM GMT:ERROR:creative_new_tab_page_ads_util.cc(153)] Successfully saved creative new tab page ads
[Aug 02, 2026 1:49:58.5 AM GMT:ERROR:creative_new_tab_page_ads_util.cc(138)] Successfully saved creative set conversions
[Aug 02, 2026 3:19:59.2 AM GMT:ERROR:creative_new_tab_page_ads_util.cc(153)] Successfully saved creative new tab page ads
[Aug 02, 2026 3:19:59.2 AM GMT:ERROR:creative_new_tab_page_ads_util.cc(138)] Successfully saved creative set conversions
--------------------------------------------------------------------------------
[Aug 02, 2026 5:07:37.4 PM GMT:ERROR:creative_new_tab_page_ads_util.cc(153)] Successfully saved creative new tab page ads
[Aug 02, 2026 5:07:37.4 PM GMT:ERROR:creative_new_tab_page_ads_util.cc(138)] Successfully saved creative set conversions
[Aug 03, 2026 3:22:37.9 AM GMT:ERROR:creative_new_tab_page_ads_util.cc(153)] Successfully saved creative new tab page ads
[Aug 03, 2026 3:22:37.9 AM GMT:ERROR:creative_new_tab_page_ads_util.cc(138)] Successfully saved creative set conversions
--------------------------------------------------------------------------------
[Aug 03, 2026 5:33:29.4 AM GMT:ERROR:creative_new_tab_page_ads_util.cc(153)] Successfully saved creative new tab page ads
[Aug 03, 2026 5:33:29.4 AM GMT:ERROR:creative_new_tab_page_ads_util.cc(138)] Successfully saved creative set conversions
--------------------------------------------------------------------------------
[Aug 03, 2026 11:46:31.9 PM GMT:ERROR:creative_new_tab_page_ads_util.cc(153)] Successfully saved creative new tab page ads
[Aug 03, 2026 11:46:31.9 PM GMT:ERROR:creative_new_tab_page_ads_util.cc(138)] Successfully saved creative set conversions
--------------------------------------------------------------------------------
[Aug 04, 2026 3:26:57.5 AM GMT:ERROR:creative_new_tab_page_ads_util.cc(153)] Successfully saved creative new tab page ads
[Aug 04, 2026 3:26:57.5 AM GMT:ERROR:creative_new_tab_page_ads_util.cc(138)] Successfully saved creative set conversions
[Aug 04, 2026 3:26:59.7 AM GMT:ERROR:creative_new_tab_page_ads_util.cc(153)] Successfully saved creative new tab page ads
[Aug 04, 2026 3:26:59.7 AM GMT:ERROR:creative_new_tab_page_ads_util.cc(138)] Successfully saved creative set conversions
--------------------------------------------------------------------------------
[Aug 04, 2026 3:49:27.4 AM GMT:ERROR:creative_new_tab_page_ads_util.cc(153)] Successfully saved creative new tab page ads
[Aug 04, 2026 3:49:27.4 AM GMT:ERROR:creative_new_tab_page_ads_util.cc(138)] Successfully saved creative set conversions
--------------------------------------------------------------------------------
[Aug 04, 2026 3:57:58.4 AM GMT:ERROR:creative_new_tab_page_ads_util.cc(153)] Successfully saved creative new tab page ads
[Aug 04, 2026 3:57:58.4 AM GMT:ERROR:creative_new_tab_page_ads_util.cc(138)] Successfully saved creative set conversions
--------------------------------------------------------------------------------
[Aug 04, 2026 4:09:23.0 AM GMT:ERROR:creative_new_tab_page_ads_util.cc(153)] Successfully saved creative new tab page ads
[Aug 04, 2026 4:09:23.0 AM GMT:ERROR:creative_new_tab_page_ads_util.cc(138)] Successfully saved creative set conversions
--------------------------------------------------------------------------------
[Aug 04, 2026 7:23:13.7 AM GMT:ERROR:creative_new_tab_page_ads_util.cc(153)] Successfully saved creative new tab page ads
[Aug 04, 2026 7:23:13.7 AM GMT:ERROR:creative_new_tab_page_ads_util.cc(138)] Successfully saved creative set conversions
--------------------------------------------------------------------------------
[Aug 04, 2026 7:26:28.9 AM GMT:ERROR:creative_new_tab_page_ads_util.cc(153)] Successfully saved creative new tab page ads
[Aug 04, 2026 7:26:28.9 AM GMT:ERROR:creative_new_tab_page_ads_util.cc(138)] Successfully saved creative set conversions
--------------------------------------------------------------------------------
[Aug 04, 2026 7:47:33.3 AM GMT:ERROR:creative_new_tab_page_ads_util.cc(153)] Successfully saved creative new tab page ads
[Aug 04, 2026 7:47:33.3 AM GMT:ERROR:creative_new_tab_page_ads_util.cc(138)] Successfully saved creative set conversions
--------------------------------------------------------------------------------
[Aug 04, 2026 8:56:56.4 PM GMT:ERROR:creative_new_tab_page_ads_util.cc(153)] Successfully saved creative new tab page ads
[Aug 04, 2026 8:56:56.4 PM GMT:ERROR:creative_new_tab_page_ads_util.cc(138)] Successfully saved creative set conversions
[Aug 04, 2026 8:57:01.8 PM GMT:ERROR:creative_new_tab_page_ads_util.cc(153)] Successfully saved creative new tab page ads
[Aug 04, 2026 8:57:01.8 PM GMT:ERROR:creative_new_tab_page_ads_util.cc(138)] Successfully saved creative set conversions
--------------------------------------------------------------------------------
[Aug 05, 2026 12:34:50.3 AM GMT:ERROR:creative_new_tab_page_ads_util.cc(153)] Successfully saved creative new tab page ads
[Aug 05, 2026 12:34:50.3 AM GMT:ERROR:creative_new_tab_page_ads_util.cc(138)] Successfully saved creative set conversions
--------------------------------------------------------------------------------
[Aug 05, 2026 2:22:48.3 AM GMT:ERROR:creative_new_tab_page_ads_util.cc(153)] Successfully saved creative new tab page ads
[Aug 05, 2026 2:22:48.3 AM GMT:ERROR:creative_new_tab_page_ads_util.cc(138)] Successfully saved creative set conversions
--------------------------------------------------------------------------------
[Aug 05, 2026 2:28:21.1 AM GMT:ERROR:creative_new_tab_page_ads_util.cc(153)] Successfully saved creative new tab page ads
[Aug 05, 2026 2:28:21.1 AM GMT:ERROR:creative_new_tab_page_ads_util.cc(138)] Successfully saved creative set conversions
[Aug 05, 2026 3:28:21.7 AM GMT:ERROR:creative_new_tab_page_ads_util.cc(153)] Successfully saved creative new tab page ads
[Aug 05, 2026 3:28:21.7 AM GMT:ERROR:creative_new_tab_page_ads_util.cc(138)] Successfully saved creative set conversions
[Aug 05, 2026 3:45:13.4 AM GMT:ERROR:search_result_ad_event_handler.cc(244)] Failed to fire search result ad kServedImpression event for placement_id 7400abcc-1277-49c4-8b3b-d03f4875c514 and creative instance id 514047a2-577a-457b-8600-6af61a4ec205
--------------------------------------------------------------------------------
[Aug 05, 2026 10:30:07.6 PM GMT:ERROR:creative_new_tab_page_ads_util.cc(153)] Successfully saved creative new tab page ads
[Aug 05, 2026 10:30:07.6 PM GMT:ERROR:creative_new_tab_page_ads_util.cc(138)] Successfully saved creative set conversions
[Aug 05, 2026 10:48:12.6 PM GMT:ERROR:search_result_ad_event_handler.cc(244)] Failed to fire search result ad kServedImpression event for placement_id b7e9d5cf-5834-419c-9b4b-b3e3edcfc1e7 and creative instance id 3d1334ce-cd92-4e07-a12d-f7c8e4de06d3
[Aug 06, 2026 1:15:15.0 AM GMT:ERROR:search_result_ad_event_handler.cc(244)] Failed to fire search result ad kServedImpression event for placement_id 1a25fc96-92fb-4dbd-aa15-138076d7156e and creative instance id 30c2a9a4-3d0c-4740-9f85-4fff1b516e3e
--------------------------------------------------------------------------------
[Aug 06, 2026 3:02:20.6 AM GMT:ERROR:creative_new_tab_page_ads_util.cc(153)] Successfully saved creative new tab page ads
[Aug 06, 2026 3:02:20.6 AM GMT:ERROR:creative_new_tab_page_ads_util.cc(138)] Successfully saved creative set conversions
[Aug 06, 2026 3:17:21.2 AM GMT:ERROR:creative_new_tab_page_ads_util.cc(153)] Successfully saved creative new tab page ads
[Aug 06, 2026 3:17:21.2 AM GMT:ERROR:creative_new_tab_page_ads_util.cc(138)] Successfully saved creative set conversions
--------------------------------------------------------------------------------
[Aug 06, 2026 11:16:45.2 PM GMT:ERROR:creative_new_tab_page_ads_util.cc(153)] Successfully saved creative new tab page ads
[Aug 06, 2026 11:16:45.2 PM GMT:ERROR:creative_new_tab_page_ads_util.cc(138)] Successfully saved creative set conversions
[Aug 07, 2026 12:12:42.2 AM GMT:ERROR:search_result_ad_event_handler.cc(244)] Failed to fire search result ad kServedImpression event for placement_id ec7924e6-e4ec-4a60-9afe-8c236ebb5067 and creative instance id 30c2a9a4-3d0c-4740-9f85-4fff1b516e3e
--------------------------------------------------------------------------------
[Aug 07, 2026 2:58:31.7 AM GMT:ERROR:creative_new_tab_page_ads_util.cc(153)] Successfully saved creative new tab page ads
[Aug 07, 2026 2:58:31.7 AM GMT:ERROR:creative_new_tab_page_ads_util.cc(138)] Successfully saved creative set conversions
[Aug 07, 2026 3:28:32.2 AM GMT:ERROR:creative_new_tab_page_ads_util.cc(153)] Successfully saved creative new tab page ads
[Aug 07, 2026 3:28:32.2 AM GMT:ERROR:creative_new_tab_page_ads_util.cc(138)] Successfully saved creative set conversions
--------------------------------------------------------------------------------
[Aug 07, 2026 5:01:56.0 PM GMT:ERROR:creative_new_tab_page_ads_util.cc(153)] Successfully saved creative new tab page ads
[Aug 07, 2026 5:01:56.0 PM GMT:ERROR:creative_new_tab_page_ads_util.cc(138)] Successfully saved creative set conversions
[Aug 07, 2026 5:02:01.2 PM GMT:ERROR:creative_new_tab_page_ads_util.cc(153)] Successfully saved creative new tab page ads
[Aug 07, 2026 5:02:01.2 PM GMT:ERROR:creative_new_tab_page_ads_util.cc(138)] Successfully saved creative set conversions
[Aug 08, 2026 3:31:56.4 AM GMT:ERROR:creative_new_tab_page_ads_util.cc(153)] Successfully saved creative new tab page ads
[Aug 08, 2026 3:31:56.4 AM GMT:ERROR:creative_new_tab_page_ads_util.cc(138)] Successfully saved creative set conversions
--------------------------------------------------------------------------------
[Aug 08, 2026 10:25:22.3 PM GMT:ERROR:creative_new_tab_page_ads_util.cc(153)] Successfully saved creative new tab page ads
[Aug 08, 2026 10:25:22.3 PM GMT:ERROR:creative_new_tab_page_ads_util.cc(138)] Successfully saved creative set conversions
[Aug 08, 2026 10:25:28.7 PM GMT:ERROR:creative_new_tab_page_ads_util.cc(153)] Successfully saved creative new tab page ads
[Aug 08, 2026 10:25:28.7 PM GMT:ERROR:creative_new_tab_page_ads_util.cc(138)] Successfully saved creative set conversions
--------------------------------------------------------------------------------
[Aug 08, 2026 11:30:59.1 PM GMT:ERROR:creative_new_tab_page_ads_util.cc(153)] Successfully saved creative new tab page ads
[Aug 08, 2026 11:30:59.1 PM GMT:ERROR:creative_new_tab_page_ads_util.cc(138)] Successfully saved creative set conversions
--------------------------------------------------------------------------------
[Aug 09, 2026 12:06:55.1 AM GMT:ERROR:creative_new_tab_page_ads_util.cc(153)] Successfully saved creative new tab page ads
[Aug 09, 2026 12:06:55.1 AM GMT:ERROR:creative_new_tab_page_ads_util.cc(138)] Successfully saved creative set conversions
--------------------------------------------------------------------------------
[Aug 09, 2026 2:59:30.2 AM GMT:ERROR:creative_new_tab_page_ads_util.cc(153)] Successfully saved creative new tab page ads
[Aug 09, 2026 2:59:30.2 AM GMT:ERROR:creative_new_tab_page_ads_util.cc(138)] Successfully saved creative set conversions
--------------------------------------------------------------------------------
[Aug 09, 2026 3:09:09.1 AM GMT:ERROR:creative_new_tab_page_ads_util.cc(153)] Successfully saved creative new tab page ads
[Aug 09, 2026 3:09:09.1 AM GMT:ERROR:creative_new_tab_page_ads_util.cc(138)] Successfully saved creative set conversions
--------------------------------------------------------------------------------
[Aug 09, 2026 3:13:39.7 AM GMT:ERROR:creative_new_tab_page_ads_util.cc(153)] Successfully saved creative new tab page ads
[Aug 09, 2026 3:13:39.7 AM GMT:ERROR:creative_new_tab_page_ads_util.cc(138)] Successfully saved creative set conversions
[Aug 09, 2026 3:28:40.4 AM GMT:ERROR:creative_new_tab_page_ads_util.cc(153)] Successfully saved creative new tab page ads
[Aug 09, 2026 3:28:40.4 AM GMT:ERROR:creative_new_tab_page_ads_util.cc(138)] Successfully saved creative set conversions
--------------------------------------------------------------------------------
[Aug 09, 2026 3:43:32.4 AM GMT:ERROR:creative_new_tab_page_ads_util.cc(153)] Successfully saved creative new tab page ads
[Aug 09, 2026 3:43:32.4 AM GMT:ERROR:creative_new_tab_page_ads_util.cc(138)] Successfully saved creative set conversions
--------------------------------------------------------------------------------
[Aug 09, 2026 3:47:48.7 AM GMT:ERROR:creative_new_tab_page_ads_util.cc(153)] Successfully saved creative new tab page ads
[Aug 09, 2026 3:47:48.7 AM GMT:ERROR:creative_new_tab_page_ads_util.cc(138)] Successfully saved creative set conversions
--------------------------------------------------------------------------------
[Aug 09, 2026 4:27:39.8 AM GMT:ERROR:creative_new_tab_page_ads_util.cc(153)] Successfully saved creative new tab page ads
[Aug 09, 2026 4:27:39.8 AM GMT:ERROR:creative_new_tab_page_ads_util.cc(138)] Successfully saved creative set conversions
--------------------------------------------------------------------------------
[Aug 09, 2026 4:48:29.4 AM GMT:ERROR:creative_new_tab_page_ads_util.cc(153)] Successfully saved creative new tab page ads
[Aug 09, 2026 4:48:29.4 AM GMT:ERROR:creative_new_tab_page_ads_util.cc(138)] Successfully saved creative set conversions
--------------------------------------------------------------------------------
[Aug 09, 2026 6:49:04.4 AM GMT:ERROR:creative_new_tab_page_ads_util.cc(153)] Successfully saved creative new tab page ads
[Aug 09, 2026 6:49:04.4 AM GMT:ERROR:creative_new_tab_page_ads_util.cc(138)] Successfully saved creative set conversions
--------------------------------------------------------------------------------
[Aug 09, 2026 6:57:56.5 AM GMT:ERROR:creative_new_tab_page_ads_util.cc(153)] Successfully saved creative new tab page ads
[Aug 09, 2026 6:57:56.5 AM GMT:ERROR:creative_new_tab_page_ads_util.cc(138)] Successfully saved creative set conversions
--------------------------------------------------------------------------------
[Aug 09, 2026 7:19:57.2 PM GMT:ERROR:creative_new_tab_page_ads_util.cc(153)] Successfully saved creative new tab page ads
[Aug 09, 2026 7:19:57.2 PM GMT:ERROR:creative_new_tab_page_ads_util.cc(138)] Successfully saved creative set conversions
--------------------------------------------------------------------------------
[Aug 09, 2026 7:29:52.5 PM GMT:ERROR:creative_new_tab_page_ads_util.cc(153)] Successfully saved creative new tab page ads
[Aug 09, 2026 7:29:52.5 PM GMT:ERROR:creative_new_tab_page_ads_util.cc(138)] Successfully saved creative set conversions
--------------------------------------------------------------------------------
[Aug 10, 2026 3:03:11.5 AM GMT:ERROR:creative_new_tab_page_ads_util.cc(153)] Successfully saved creative new tab page ads
[Aug 10, 2026 3:03:11.5 AM GMT:ERROR:creative_new_tab_page_ads_util.cc(138)] Successfully saved creative set conversions
--------------------------------------------------------------------------------
[Aug 10, 2026 3:14:01.0 AM GMT:ERROR:creative_new_tab_page_ads_util.cc(153)] Successfully saved creative new tab page ads
[Aug 10, 2026 3:14:01.0 AM GMT:ERROR:creative_new_tab_page_ads_util.cc(138)] Successfully saved creative set conversions
--------------------------------------------------------------------------------
[Aug 10, 2026 3:22:20.8 AM GMT:ERROR:creative_new_tab_page_ads_util.cc(153)] Successfully saved creative new tab page ads
[Aug 10, 2026 3:22:20.8 AM GMT:ERROR:creative_new_tab_page_ads_util.cc(138)] Successfully saved creative set conversions
[Aug 10, 2026 3:22:27.1 AM GMT:ERROR:creative_new_tab_page_ads_util.cc(153)] Successfully saved creative new tab page ads
[Aug 10, 2026 3:22:27.1 AM GMT:ERROR:creative_new_tab_page_ads_util.cc(138)] Successfully saved creative set conversions
--------------------------------------------------------------------------------
[Aug 10, 2026 3:32:26.6 AM GMT:ERROR:creative_new_tab_page_ads_util.cc(153)] Successfully saved creative new tab page ads
[Aug 10, 2026 3:32:26.6 AM GMT:ERROR:creative_new_tab_page_ads_util.cc(138)] Successfully saved creative set conversions
--------------------------------------------------------------------------------
[Aug 10, 2026 3:39:45.8 AM GMT:ERROR:creative_new_tab_page_ads_util.cc(153)] Successfully saved creative new tab page ads
[Aug 10, 2026 3:39:45.8 AM GMT:ERROR:creative_new_tab_page_ads_util.cc(138)] Successfully saved creative set conversions
--------------------------------------------------------------------------------
[Aug 10, 2026 3:43:20.4 AM GMT:ERROR:creative_new_tab_page_ads_util.cc(153)] Successfully saved creative new tab page ads
[Aug 10, 2026 3:43:20.4 AM GMT:ERROR:creative_new_tab_page_ads_util.cc(138)] Successfully saved creative set conversions
--------------------------------------------------------------------------------
[Aug 10, 2026 3:47:01.7 AM GMT:ERROR:creative_new_tab_page_ads_util.cc(153)] Successfully saved creative new tab page ads
[Aug 10, 2026 3:47:01.7 AM GMT:ERROR:creative_new_tab_page_ads_util.cc(138)] Successfully saved creative set conversions
--------------------------------------------------------------------------------
[Aug 10, 2026 3:49:34.7 AM GMT:ERROR:creative_new_tab_page_ads_util.cc(153)] Successfully saved creative new tab page ads
[Aug 10, 2026 3:49:34.7 AM GMT:ERROR:creative_new_tab_page_ads_util.cc(138)] Successfully saved creative set conversions
--------------------------------------------------------------------------------
[Aug 10, 2026 3:55:58.1 AM GMT:ERROR:creative_new_tab_page_ads_util.cc(153)] Successfully saved creative new tab page ads
[Aug 10, 2026 3:55:58.1 AM GMT:ERROR:creative_new_tab_page_ads_util.cc(138)] Successfully saved creative set conversions
--------------------------------------------------------------------------------
[Aug 10, 2026 4:29:51.5 AM GMT:ERROR:creative_new_tab_page_ads_util.cc(153)] Successfully saved creative new tab page ads
[Aug 10, 2026 4:29:51.5 AM GMT:ERROR:creative_new_tab_page_ads_util.cc(138)] Successfully saved creative set conversions
--------------------------------------------------------------------------------
[Aug 10, 2026 4:35:23.5 AM GMT:ERROR:creative_new_tab_page_ads_util.cc(153)] Successfully saved creative new tab page ads
[Aug 10, 2026 4:35:23.5 AM GMT:ERROR:creative_new_tab_page_ads_util.cc(138)] Successfully saved creative set conversions
--------------------------------------------------------------------------------
[Aug 10, 2026 4:39:49.8 AM GMT:ERROR:creative_new_tab_page_ads_util.cc(153)] Successfully saved creative new tab page ads
[Aug 10, 2026 4:39:49.8 AM GMT:ERROR:creative_new_tab_page_ads_util.cc(138)] Successfully saved creative set conversions
--------------------------------------------------------------------------------
[Aug 10, 2026 4:46:13.8 AM GMT:ERROR:creative_new_tab_page_ads_util.cc(153)] Successfully saved creative new tab page ads
[Aug 10, 2026 4:46:13.8 AM GMT:ERROR:creative_new_tab_page_ads_util.cc(138)] Successfully saved creative set conversions
--------------------------------------------------------------------------------
[Aug 10, 2026 4:49:14.6 AM GMT:ERROR:creative_new_tab_page_ads_util.cc(153)] Successfully saved creative new tab page ads
[Aug 10, 2026 4:49:14.6 AM GMT:ERROR:creative_new_tab_page_ads_util.cc(138)] Successfully saved creative set conversions
--------------------------------------------------------------------------------
[Aug 10, 2026 4:57:08.4 AM GMT:ERROR:creative_new_tab_page_ads_util.cc(153)] Successfully saved creative new tab page ads
[Aug 10, 2026 4:57:08.4 AM GMT:ERROR:creative_new_tab_page_ads_util.cc(138)] Successfully saved creative set conversions
--------------------------------------------------------------------------------
[Aug 10, 2026 5:07:59.2 AM GMT:ERROR:creative_new_tab_page_ads_util.cc(153)] Successfully saved creative new tab page ads
[Aug 10, 2026 5:07:59.2 AM GMT:ERROR:creative_new_tab_page_ads_util.cc(138)] Successfully saved creative set conversions
--------------------------------------------------------------------------------
[Aug 10, 2026 11:29:22.3 PM GMT:ERROR:creative_new_tab_page_ads_util.cc(153)] Successfully saved creative new tab page ads
[Aug 10, 2026 11:29:22.3 PM GMT:ERROR:creative_new_tab_page_ads_util.cc(138)] Successfully saved creative set conversions
[Aug 10, 2026 11:29:22.7 PM GMT:ERROR:creative_new_tab_page_ads_util.cc(153)] Successfully saved creative new tab page ads
[Aug 10, 2026 11:29:22.7 PM GMT:ERROR:creative_new_tab_page_ads_util.cc(138)] Successfully saved creative set conversions
--------------------------------------------------------------------------------
[Aug 11, 2026 2:40:38.3 AM GMT:ERROR:creative_new_tab_page_ads_util.cc(153)] Successfully saved creative new tab page ads
[Aug 11, 2026 2:40:38.3 AM GMT:ERROR:creative_new_tab_page_ads_util.cc(138)] Successfully saved creative set conversions
--------------------------------------------------------------------------------
[Aug 11, 2026 2:54:00.7 AM GMT:ERROR:creative_new_tab_page_ads_util.cc(153)] Successfully saved creative new tab page ads
[Aug 11, 2026 2:54:00.7 AM GMT:ERROR:creative_new_tab_page_ads_util.cc(138)] Successfully saved creative set conversions
--------------------------------------------------------------------------------
[Aug 11, 2026 3:06:25.7 AM GMT:ERROR:creative_new_tab_page_ads_util.cc(153)] Successfully saved creative new tab page ads
[Aug 11, 2026 3:06:25.7 AM GMT:ERROR:creative_new_tab_page_ads_util.cc(138)] Successfully saved creative set conversions
[Aug 11, 2026 3:21:26.3 AM GMT:ERROR:creative_new_tab_page_ads_util.cc(153)] Successfully saved creative new tab page ads
[Aug 11, 2026 3:21:26.3 AM GMT:ERROR:creative_new_tab_page_ads_util.cc(138)] Successfully saved creative set conversions
--------------------------------------------------------------------------------
[Aug 11, 2026 3:33:51.6 AM GMT:ERROR:creative_new_tab_page_ads_util.cc(153)] Successfully saved creative new tab page ads
[Aug 11, 2026 3:33:51.6 AM GMT:ERROR:creative_new_tab_page_ads_util.cc(138)] Successfully saved creative set conversions
--------------------------------------------------------------------------------
[Aug 11, 2026 3:34:40.5 AM GMT:ERROR:creative_new_tab_page_ads_util.cc(153)] Successfully saved creative new tab page ads
[Aug 11, 2026 3:34:40.5 AM GMT:ERROR:creative_new_tab_page_ads_util.cc(138)] Successfully saved creative set conversions
--------------------------------------------------------------------------------
[Aug 11, 2026 3:36:38.2 AM GMT:ERROR:creative_new_tab_page_ads_util.cc(153)] Successfully saved creative new tab page ads
[Aug 11, 2026 3:36:38.2 AM GMT:ERROR:creative_new_tab_page_ads_util.cc(138)] Successfully saved creative set conversions
--------------------------------------------------------------------------------
[Aug 11, 2026 4:32:25.9 AM GMT:ERROR:creative_new_tab_page_ads_util.cc(153)] Successfully saved creative new tab page ads
[Aug 11, 2026 4:32:25.9 AM GMT:ERROR:creative_new_tab_page_ads_util.cc(138)] Successfully saved creative set conversions
--------------------------------------------------------------------------------
[Aug 11, 2026 4:38:17.8 AM GMT:ERROR:creative_new_tab_page_ads_util.cc(153)] Successfully saved creative new tab page ads
[Aug 11, 2026 4:38:17.8 AM GMT:ERROR:creative_new_tab_page_ads_util.cc(138)] Successfully saved creative set conversions
--------------------------------------------------------------------------------
[Aug 11, 2026 5:20:30.0 AM GMT:ERROR:creative_new_tab_page_ads_util.cc(153)] Successfully saved creative new tab page ads
[Aug 11, 2026 5:20:30.0 AM GMT:ERROR:creative_new_tab_page_ads_util.cc(138)] Successfully saved creative set conversions
--------------------------------------------------------------------------------
[Aug 11, 2026 5:43:36.8 AM GMT:ERROR:creative_new_tab_page_ads_util.cc(153)] Successfully saved creative new tab page ads
[Aug 11, 2026 5:43:36.8 AM GMT:ERROR:creative_new_tab_page_ads_util.cc(138)] Successfully saved creative set conversions
--------------------------------------------------------------------------------
[Aug 11, 2026 5:47:03.2 AM GMT:ERROR:creative_new_tab_page_ads_util.cc(153)] Successfully saved creative new tab page ads
[Aug 11, 2026 5:47:03.2 AM GMT:ERROR:creative_new_tab_page_ads_util.cc(138)] Successfully saved creative set conversions
--------------------------------------------------------------------------------
[Aug 11, 2026 5:49:38.5 AM GMT:ERROR:creative_new_tab_page_ads_util.cc(153)] Successfully saved creative new tab page ads
[Aug 11, 2026 5:49:38.5 AM GMT:ERROR:creative_new_tab_page_ads_util.cc(138)] Successfully saved creative set conversions
--------------------------------------------------------------------------------
[Aug 11, 2026 5:55:27.8 AM GMT:ERROR:creative_new_tab_page_ads_util.cc(153)] Successfully saved creative new tab page ads
[Aug 11, 2026 5:55:27.8 AM GMT:ERROR:creative_new_tab_page_ads_util.cc(138)] Successfully saved creative set conversions
--------------------------------------------------------------------------------
[Aug 11, 2026 7:31:35.5 AM GMT:ERROR:creative_new_tab_page_ads_util.cc(153)] Successfully saved creative new tab page ads
[Aug 11, 2026 7:31:35.5 AM GMT:ERROR:creative_new_tab_page_ads_util.cc(138)] Successfully saved creative set conversions
--------------------------------------------------------------------------------
[Aug 11, 2026 7:37:16.8 AM GMT:ERROR:creative_new_tab_page_ads_util.cc(153)] Successfully saved creative new tab page ads
[Aug 11, 2026 7:37:16.8 AM GMT:ERROR:creative_new_tab_page_ads_util.cc(138)] Successfully saved creative set conversions
--------------------------------------------------------------------------------
[Aug 11, 2026 7:39:28.3 AM GMT:ERROR:creative_new_tab_page_ads_util.cc(153)] Successfully saved creative new tab page ads
[Aug 11, 2026 7:39:28.3 AM GMT:ERROR:creative_new_tab_page_ads_util.cc(138)] Successfully saved creative set conversions
--------------------------------------------------------------------------------
[Aug 11, 2026 7:45:05.8 AM GMT:ERROR:creative_new_tab_page_ads_util.cc(153)] Successfully saved creative new tab page ads
[Aug 11, 2026 7:45:05.8 AM GMT:ERROR:creative_new_tab_page_ads_util.cc(138)] Successfully saved creative set conversions
--------------------------------------------------------------------------------
[Aug 11, 2026 8:32:18.9 PM GMT:ERROR:creative_new_tab_page_ads_util.cc(153)] Successfully saved creative new tab page ads
[Aug 11, 2026 8:32:18.9 PM GMT:ERROR:creative_new_tab_page_ads_util.cc(138)] Successfully saved creative set conversions
[Aug 11, 2026 8:32:22.9 PM GMT:ERROR:creative_new_tab_page_ads_util.cc(153)] Successfully saved creative new tab page ads
[Aug 11, 2026 8:32:22.9 PM GMT:ERROR:creative_new_tab_page_ads_util.cc(138)] Successfully saved creative set conversions
--------------------------------------------------------------------------------
[Aug 11, 2026 8:40:51.4 PM GMT:ERROR:creative_new_tab_page_ads_util.cc(153)] Successfully saved creative new tab page ads
[Aug 11, 2026 8:40:51.4 PM GMT:ERROR:creative_new_tab_page_ads_util.cc(138)] Successfully saved creative set conversions
--------------------------------------------------------------------------------
[Aug 11, 2026 8:42:47.3 PM GMT:ERROR:creative_new_tab_page_ads_util.cc(153)] Successfully saved creative new tab page ads
[Aug 11, 2026 8:42:47.3 PM GMT:ERROR:creative_new_tab_page_ads_util.cc(138)] Successfully saved creative set conversions
--------------------------------------------------------------------------------
[Aug 11, 2026 10:22:58.2 PM GMT:ERROR:creative_new_tab_page_ads_util.cc(153)] Successfully saved creative new tab page ads
[Aug 11, 2026 10:22:58.2 PM GMT:ERROR:creative_new_tab_page_ads_util.cc(138)] Successfully saved creative set conversions
--------------------------------------------------------------------------------
[Aug 11, 2026 10:24:51.2 PM GMT:ERROR:creative_new_tab_page_ads_util.cc(153)] Successfully saved creative new tab page ads
[Aug 11, 2026 10:24:51.2 PM GMT:ERROR:creative_new_tab_page_ads_util.cc(138)] Successfully saved creative set conversions
--------------------------------------------------------------------------------
[Aug 11, 2026 10:40:21.9 PM GMT:ERROR:creative_new_tab_page_ads_util.cc(153)] Successfully saved creative new tab page ads
[Aug 11, 2026 10:40:21.9 PM GMT:ERROR:creative_new_tab_page_ads_util.cc(138)] Successfully saved creative set conversions
--------------------------------------------------------------------------------
[Aug 11, 2026 11:30:32.3 PM GMT:ERROR:creative_new_tab_page_ads_util.cc(153)] Successfully saved creative new tab page ads
[Aug 11, 2026 11:30:32.3 PM GMT:ERROR:creative_new_tab_page_ads_util.cc(138)] Successfully saved creative set conversions
--------------------------------------------------------------------------------
[Aug 12, 2026 12:13:37.2 AM GMT:ERROR:creative_new_tab_page_ads_util.cc(153)] Successfully saved creative new tab page ads
[Aug 12, 2026 12:13:37.2 AM GMT:ERROR:creative_new_tab_page_ads_util.cc(138)] Successfully saved creative set conversions
[Aug 12, 2026 1:11:12.4 AM GMT:ERROR:search_result_ad_event_handler.cc(244)] Failed to fire search result ad kServedImpression event for placement_id 8b1eb259-fa14-4efe-bc5b-a0404f29f2e9 and creative instance id 30c2a9a4-3d0c-4740-9f85-4fff1b516e3e
--------------------------------------------------------------------------------
[Aug 12, 2026 2:36:20.0 AM GMT:ERROR:creative_new_tab_page_ads_util.cc(153)] Successfully saved creative new tab page ads
[Aug 12, 2026 2:36:20.0 AM GMT:ERROR:creative_new_tab_page_ads_util.cc(138)] Successfully saved creative set conversions
--------------------------------------------------------------------------------
[Aug 12, 2026 2:48:08.1 AM GMT:ERROR:creative_new_tab_page_ads_util.cc(153)] Successfully saved creative new tab page ads
[Aug 12, 2026 2:48:08.1 AM GMT:ERROR:creative_new_tab_page_ads_util.cc(138)] Successfully saved creative set conversions
[Aug 12, 2026 3:18:09.4 AM GMT:ERROR:creative_new_tab_page_ads_util.cc(153)] Successfully saved creative new tab page ads
[Aug 12, 2026 3:18:09.4 AM GMT:ERROR:creative_new_tab_page_ads_util.cc(138)] Successfully saved creative set conversions
--------------------------------------------------------------------------------
[Aug 12, 2026 3:59:01.8 AM GMT:ERROR:creative_new_tab_page_ads_util.cc(153)] Successfully saved creative new tab page ads
[Aug 12, 2026 3:59:01.8 AM GMT:ERROR:creative_new_tab_page_ads_util.cc(138)] Successfully saved creative set conversions
--------------------------------------------------------------------------------
[Aug 12, 2026 10:42:56.0 PM GMT:ERROR:creative_new_tab_page_ads_util.cc(153)] Successfully saved creative new tab page ads
[Aug 12, 2026 10:42:56.0 PM GMT:ERROR:creative_new_tab_page_ads_util.cc(138)] Successfully saved creative set conversions
[Aug 12, 2026 10:43:02.7 PM GMT:ERROR:creative_new_tab_page_ads_util.cc(153)] Successfully saved creative new tab page ads
[Aug 12, 2026 10:43:02.7 PM GMT:ERROR:creative_new_tab_page_ads_util.cc(138)] Successfully saved creative set conversions
--------------------------------------------------------------------------------
[Aug 12, 2026 11:37:29.7 PM GMT:ERROR:creative_new_tab_page_ads_util.cc(153)] Successfully saved creative new tab page ads
[Aug 12, 2026 11:37:29.7 PM GMT:ERROR:creative_new_tab_page_ads_util.cc(138)] Successfully saved creative set conversions
[Aug 13, 2026 3:22:30.5 AM GMT:ERROR:creative_new_tab_page_ads_util.cc(153)] Successfully saved creative new tab page ads
[Aug 13, 2026 3:22:30.5 AM GMT:ERROR:creative_new_tab_page_ads_util.cc(138)] Successfully saved creative set conversions
--------------------------------------------------------------------------------
[Aug 13, 2026 3:28:41.9 AM GMT:ERROR:creative_new_tab_page_ads_util.cc(153)] Successfully saved creative new tab page ads
[Aug 13, 2026 3:28:41.9 AM GMT:ERROR:creative_new_tab_page_ads_util.cc(138)] Successfully saved creative set conversions
[Aug 13, 2026 4:13:14.7 AM GMT:ERROR:search_result_ad_event_handler.cc(244)] Failed to fire search result ad kServedImpression event for placement_id 910c315a-d762-42c2-bac5-773ee15ec69b and creative instance id 33ab1d86-ddcf-4585-9eb7-085291faa0b3
[Aug 13, 2026 4:26:54.9 AM GMT:ERROR:search_result_ad_event_handler.cc(244)] Failed to fire search result ad kServedImpression event for placement_id 7a96417c-eec6-4de9-b576-51a17951e951 and creative instance id 863c2ee3-91f2-4292-b334-20b14990c61b
--------------------------------------------------------------------------------
[Aug 13, 2026 9:52:06.0 PM GMT:ERROR:creative_new_tab_page_ads_util.cc(153)] Successfully saved creative new tab page ads
[Aug 13, 2026 9:52:06.0 PM GMT:ERROR:creative_new_tab_page_ads_util.cc(138)] Successfully saved creative set conversions
--------------------------------------------------------------------------------
[Aug 13, 2026 9:53:00.9 PM GMT:ERROR:creative_new_tab_page_ads_util.cc(153)] Successfully saved creative new tab page ads
[Aug 13, 2026 9:53:00.9 PM GMT:ERROR:creative_new_tab_page_ads_util.cc(138)] Successfully saved creative set conversions
--------------------------------------------------------------------------------
[Aug 13, 2026 10:08:31.7 PM GMT:ERROR:creative_new_tab_page_ads_util.cc(153)] Successfully saved creative new tab page ads
[Aug 13, 2026 10:08:31.7 PM GMT:ERROR:creative_new_tab_page_ads_util.cc(138)] Successfully saved creative set conversions
--------------------------------------------------------------------------------
[Aug 13, 2026 10:18:13.6 PM GMT:ERROR:creative_new_tab_page_ads_util.cc(153)] Successfully saved creative new tab page ads
[Aug 13, 2026 10:18:13.6 PM GMT:ERROR:creative_new_tab_page_ads_util.cc(138)] Successfully saved creative set conversions
--------------------------------------------------------------------------------
[Aug 14, 2026 2:40:27.7 AM GMT:ERROR:creative_new_tab_page_ads_util.cc(153)] Successfully saved creative new tab page ads
[Aug 14, 2026 2:40:27.7 AM GMT:ERROR:creative_new_tab_page_ads_util.cc(138)] Successfully saved creative set conversions
[Aug 14, 2026 3:25:28.7 AM GMT:ERROR:creative_new_tab_page_ads_util.cc(153)] Successfully saved creative new tab page ads
[Aug 14, 2026 3:25:28.7 AM GMT:ERROR:creative_new_tab_page_ads_util.cc(138)] Successfully saved creative set conversions
--------------------------------------------------------------------------------
[Aug 14, 2026 4:50:04.8 PM GMT:ERROR:creative_new_tab_page_ads_util.cc(153)] Successfully saved creative new tab page ads
[Aug 14, 2026 4:50:04.8 PM GMT:ERROR:creative_new_tab_page_ads_util.cc(138)] Successfully saved creative set conversions
[Aug 14, 2026 4:50:05.1 PM GMT:ERROR:creative_new_tab_page_ads_util.cc(153)] Successfully saved creative new tab page ads
[Aug 14, 2026 4:50:05.1 PM GMT:ERROR:creative_new_tab_page_ads_util.cc(138)] Successfully saved creative set conversions
--------------------------------------------------------------------------------
[Aug 14, 2026 6:42:58.2 PM GMT:ERROR:creative_new_tab_page_ads_util.cc(153)] Successfully saved creative new tab page ads
[Aug 14, 2026 6:42:58.2 PM GMT:ERROR:creative_new_tab_page_ads_util.cc(138)] Successfully saved creative set conversions
[Aug 15, 2026 3:27:58.8 AM GMT:ERROR:creative_new_tab_page_ads_util.cc(153)] Successfully saved creative new tab page ads
[Aug 15, 2026 3:27:58.8 AM GMT:ERROR:creative_new_tab_page_ads_util.cc(138)] Successfully saved creative set conversions
--------------------------------------------------------------------------------
[Aug 15, 2026 7:45:50.2 PM GMT:ERROR:creative_new_tab_page_ads_util.cc(153)] Successfully saved creative new tab page ads
[Aug 15, 2026 7:45:50.2 PM GMT:ERROR:creative_new_tab_page_ads_util.cc(138)] Successfully saved creative set conversions
--------------------------------------------------------------------------------
[Aug 15, 2026 8:29:04.4 PM GMT:ERROR:creative_new_tab_page_ads_util.cc(153)] Successfully saved creative new tab page ads
[Aug 15, 2026 8:29:04.4 PM GMT:ERROR:creative_new_tab_page_ads_util.cc(138)] Successfully saved creative set conversions
[Aug 15, 2026 10:11:01.4 PM GMT:ERROR:search_result_ad_event_handler.cc(244)] Failed to fire search result ad kServedImpression event for placement_id c20b87e7-4d69-46f4-a0e3-32919245bbd5 and creative instance id 30c2a9a4-3d0c-4740-9f85-4fff1b516e3e
--------------------------------------------------------------------------------
[Aug 15, 2026 11:51:31.6 PM GMT:ERROR:creative_new_tab_page_ads_util.cc(153)] Successfully saved creative new tab page ads
[Aug 15, 2026 11:51:31.6 PM GMT:ERROR:creative_new_tab_page_ads_util.cc(138)] Successfully saved creative set conversions
[Aug 16, 2026 3:21:32.0 AM GMT:ERROR:creative_new_tab_page_ads_util.cc(153)] Successfully saved creative new tab page ads
[Aug 16, 2026 3:21:32.0 AM GMT:ERROR:creative_new_tab_page_ads_util.cc(138)] Successfully saved creative set conversions
--------------------------------------------------------------------------------
[Aug 16, 2026 4:51:46.9 AM GMT:ERROR:creative_new_tab_page_ads_util.cc(153)] Successfully saved creative new tab page ads
[Aug 16, 2026 4:51:46.9 AM GMT:ERROR:creative_new_tab_page_ads_util.cc(138)] Successfully saved creative set conversions
--------------------------------------------------------------------------------
[Aug 16, 2026 7:06:40.7 PM GMT:ERROR:creative_new_tab_page_ads_util.cc(153)] Successfully saved creative new tab page ads
[Aug 16, 2026 7:06:40.7 PM GMT:ERROR:creative_new_tab_page_ads_util.cc(138)] Successfully saved creative set conversions
[Aug 17, 2026 1:24:59.3 AM GMT:ERROR:redeem_non_reward_confirmation.cc(119)] Failed to redeem non-reward kViewedImpression confirmation for kNewTabPageAd with transaction id 92f9d255-3c13-4aed-a0ef-625def59d06a and creative instance id 360d8826-780c-4335-b188-ea4219f3cc90
[Aug 17, 2026 1:24:59.3 AM GMT:ERROR:confirmations.cc(105)] Failed to process kViewedImpression confirmation for kNewTabPageAd with transaction id 92f9d255-3c13-4aed-a0ef-625def59d06a and creative instance id 360d8826-780c-4335-b188-ea4219f3cc90
[Aug 17, 2026 3:21:41.3 AM GMT:ERROR:creative_new_tab_page_ads_util.cc(153)] Successfully saved creative new tab page ads
[Aug 17, 2026 3:21:41.3 AM GMT:ERROR:creative_new_tab_page_ads_util.cc(138)] Successfully saved creative set conversions
--------------------------------------------------------------------------------
[Aug 17, 2026 8:45:35.1 PM GMT:ERROR:creative_new_tab_page_ads_util.cc(153)] Successfully saved creative new tab page ads
[Aug 17, 2026 8:45:35.1 PM GMT:ERROR:creative_new_tab_page_ads_util.cc(138)] Successfully saved creative set conversions
[Aug 17, 2026 8:45:41.2 PM GMT:ERROR:creative_new_tab_page_ads_util.cc(153)] Successfully saved creative new tab page ads
[Aug 17, 2026 8:45:41.2 PM GMT:ERROR:creative_new_tab_page_ads_util.cc(138)] Successfully saved creative set conversions
[Aug 18, 2026 3:15:35.7 AM GMT:ERROR:creative_new_tab_page_ads_util.cc(153)] Successfully saved creative new tab page ads
[Aug 18, 2026 3:15:35.7 AM GMT:ERROR:creative_new_tab_page_ads_util.cc(138)] Successfully saved creative set conversions
--------------------------------------------------------------------------------
[Aug 18, 2026 10:31:04.5 PM GMT:ERROR:creative_new_tab_page_ads_util.cc(153)] Successfully saved creative new tab page ads
[Aug 18, 2026 10:31:04.5 PM GMT:ERROR:creative_new_tab_page_ads_util.cc(138)] Successfully saved creative set conversions
--------------------------------------------------------------------------------
[Aug 19, 2026 2:48:27.0 AM GMT:ERROR:creative_new_tab_page_ads_util.cc(153)] Successfully saved creative new tab page ads
[Aug 19, 2026 2:48:27.0 AM GMT:ERROR:creative_new_tab_page_ads_util.cc(138)] Successfully saved creative set conversions
--------------------------------------------------------------------------------
[Aug 19, 2026 2:57:22.2 AM GMT:ERROR:creative_new_tab_page_ads_util.cc(153)] Successfully saved creative new tab page ads
[Aug 19, 2026 2:57:22.2 AM GMT:ERROR:creative_new_tab_page_ads_util.cc(138)] Successfully saved creative set conversions
[Aug 19, 2026 3:27:23.3 AM GMT:ERROR:creative_new_tab_page_ads_util.cc(153)] Successfully saved creative new tab page ads
[Aug 19, 2026 3:27:23.3 AM GMT:ERROR:creative_new_tab_page_ads_util.cc(138)] Successfully saved creative set conversions
--------------------------------------------------------------------------------
[Aug 19, 2026 10:50:47.4 PM GMT:ERROR:creative_new_tab_page_ads_util.cc(153)] Successfully saved creative new tab page ads
[Aug 19, 2026 10:50:47.4 PM GMT:ERROR:creative_new_tab_page_ads_util.cc(138)] Successfully saved creative set conversions
--------------------------------------------------------------------------------
[Aug 20, 2026 3:16:53.0 AM GMT:ERROR:creative_new_tab_page_ads_util.cc(153)] Successfully saved creative new tab page ads
[Aug 20, 2026 3:16:53.0 AM GMT:ERROR:creative_new_tab_page_ads_util.cc(138)] Successfully saved creative set conversions
[Aug 20, 2026 3:17:55.8 AM GMT:ERROR:creative_new_tab_page_ads_util.cc(153)] Successfully saved creative new tab page ads
[Aug 20, 2026 3:17:55.8 AM GMT:ERROR:creative_new_tab_page_ads_util.cc(138)] Successfully saved creative set conversions
--------------------------------------------------------------------------------
[Aug 20, 2026 4:19:29.6 AM GMT:ERROR:creative_new_tab_page_ads_util.cc(153)] Successfully saved creative new tab page ads
[Aug 20, 2026 4:19:29.6 AM GMT:ERROR:creative_new_tab_page_ads_util.cc(138)] Successfully saved creative set conversions
--------------------------------------------------------------------------------
[Aug 20, 2026 5:13:46.9 AM GMT:ERROR:creative_new_tab_page_ads_util.cc(153)] Successfully saved creative new tab page ads
[Aug 20, 2026 5:13:46.9 AM GMT:ERROR:creative_new_tab_page_ads_util.cc(138)] Successfully saved creative set conversions
--------------------------------------------------------------------------------
[Aug 20, 2026 4:45:36.4 PM GMT:ERROR:creative_new_tab_page_ads_util.cc(153)] Successfully saved creative new tab page ads
[Aug 20, 2026 4:45:36.4 PM GMT:ERROR:creative_new_tab_page_ads_util.cc(138)] Successfully saved creative set conversions
--------------------------------------------------------------------------------
[Aug 21, 2026 4:32:49.9 AM GMT:ERROR:creative_new_tab_page_ads_util.cc(153)] Successfully saved creative new tab page ads
[Aug 21, 2026 4:32:49.9 AM GMT:ERROR:creative_new_tab_page_ads_util.cc(138)] Successfully saved creative set conversions
[Aug 21, 2026 4:32:53.1 AM GMT:ERROR:creative_new_tab_page_ads_util.cc(153)] Successfully saved creative new tab page ads
[Aug 21, 2026 4:32:53.1 AM GMT:ERROR:creative_new_tab_page_ads_util.cc(138)] Successfully saved creative set conversions
--------------------------------------------------------------------------------
[Aug 21, 2026 4:34:01.0 AM GMT:ERROR:creative_new_tab_page_ads_util.cc(153)] Successfully saved creative new tab page ads
[Aug 21, 2026 4:34:01.0 AM GMT:ERROR:creative_new_tab_page_ads_util.cc(138)] Successfully saved creative set conversions
--------------------------------------------------------------------------------
[Aug 21, 2026 4:38:37.3 AM GMT:ERROR:creative_new_tab_page_ads_util.cc(153)] Successfully saved creative new tab page ads
[Aug 21, 2026 4:38:37.3 AM GMT:ERROR:creative_new_tab_page_ads_util.cc(138)] Successfully saved creative set conversions
--------------------------------------------------------------------------------
[Aug 21, 2026 4:40:49.4 AM GMT:ERROR:creative_new_tab_page_ads_util.cc(153)] Successfully saved creative new tab page ads
[Aug 21, 2026 4:40:49.4 AM GMT:ERROR:creative_new_tab_page_ads_util.cc(138)] Successfully saved creative set conversions
--------------------------------------------------------------------------------
[Aug 21, 2026 4:41:08.8 AM GMT:ERROR:creative_new_tab_page_ads_util.cc(153)] Successfully saved creative new tab page ads
[Aug 21, 2026 4:41:08.8 AM GMT:ERROR:creative_new_tab_page_ads_util.cc(138)] Successfully saved creative set conversions
--------------------------------------------------------------------------------
[Aug 21, 2026 6:17:27.8 AM GMT:ERROR:creative_new_tab_page_ads_util.cc(153)] Successfully saved creative new tab page ads
[Aug 21, 2026 6:17:27.8 AM GMT:ERROR:creative_new_tab_page_ads_util.cc(138)] Successfully saved creative set conversions
--------------------------------------------------------------------------------
[Aug 21, 2026 9:30:17.3 PM GMT:ERROR:creative_new_tab_page_ads_util.cc(153)] Successfully saved creative new tab page ads
[Aug 21, 2026 9:30:17.3 PM GMT:ERROR:creative_new_tab_page_ads_util.cc(138)] Successfully saved creative set conversions
--------------------------------------------------------------------------------
[Aug 22, 2026 12:01:18.1 AM GMT:ERROR:creative_new_tab_page_ads_util.cc(153)] Successfully saved creative new tab page ads
[Aug 22, 2026 12:01:18.1 AM GMT:ERROR:creative_new_tab_page_ads_util.cc(138)] Successfully saved creative set conversions
[Aug 22, 2026 3:31:18.0 AM GMT:ERROR:creative_new_tab_page_ads_util.cc(153)] Successfully saved creative new tab page ads
[Aug 22, 2026 3:31:18.0 AM GMT:ERROR:creative_new_tab_page_ads_util.cc(138)] Successfully saved creative set conversions
--------------------------------------------------------------------------------
[Aug 22, 2026 3:53:11.9 AM GMT:ERROR:creative_new_tab_page_ads_util.cc(153)] Successfully saved creative new tab page ads
[Aug 22, 2026 3:53:11.9 AM GMT:ERROR:creative_new_tab_page_ads_util.cc(138)] Successfully saved creative set conversions
--------------------------------------------------------------------------------
[Aug 22, 2026 3:53:24.7 AM GMT:ERROR:creative_new_tab_page_ads_util.cc(153)] Successfully saved creative new tab page ads
[Aug 22, 2026 3:53:24.7 AM GMT:ERROR:creative_new_tab_page_ads_util.cc(138)] Successfully saved creative set conversions
--------------------------------------------------------------------------------
[Aug 22, 2026 4:02:18.6 AM GMT:ERROR:creative_new_tab_page_ads_util.cc(153)] Successfully saved creative new tab page ads
[Aug 22, 2026 4:02:18.6 AM GMT:ERROR:creative_new_tab_page_ads_util.cc(138)] Successfully saved creative set conversions
--------------------------------------------------------------------------------
[Aug 22, 2026 4:03:04.9 AM GMT:ERROR:creative_new_tab_page_ads_util.cc(153)] Successfully saved creative new tab page ads
[Aug 22, 2026 4:03:04.9 AM GMT:ERROR:creative_new_tab_page_ads_util.cc(138)] Successfully saved creative set conversions
--------------------------------------------------------------------------------
[Aug 22, 2026 4:03:31.4 AM GMT:ERROR:creative_new_tab_page_ads_util.cc(153)] Successfully saved creative new tab page ads
[Aug 22, 2026 4:03:31.4 AM GMT:ERROR:creative_new_tab_page_ads_util.cc(138)] Successfully saved creative set conversions
--------------------------------------------------------------------------------
[Aug 22, 2026 4:03:45.3 AM GMT:ERROR:creative_new_tab_page_ads_util.cc(153)] Successfully saved creative new tab page ads
[Aug 22, 2026 4:03:45.3 AM GMT:ERROR:creative_new_tab_page_ads_util.cc(138)] Successfully saved creative set conversions
--------------------------------------------------------------------------------
[Aug 22, 2026 4:06:27.7 AM GMT:ERROR:creative_new_tab_page_ads_util.cc(153)] Successfully saved creative new tab page ads
[Aug 22, 2026 4:06:27.7 AM GMT:ERROR:creative_new_tab_page_ads_util.cc(138)] Successfully saved creative set conversions
--------------------------------------------------------------------------------
[Aug 22, 2026 4:06:56.6 AM GMT:ERROR:creative_new_tab_page_ads_util.cc(153)] Successfully saved creative new tab page ads
[Aug 22, 2026 4:06:56.6 AM GMT:ERROR:creative_new_tab_page_ads_util.cc(138)] Successfully saved creative set conversions
--------------------------------------------------------------------------------
[Aug 22, 2026 4:08:57.4 AM GMT:ERROR:creative_new_tab_page_ads_util.cc(153)] Successfully saved creative new tab page ads
[Aug 22, 2026 4:08:57.4 AM GMT:ERROR:creative_new_tab_page_ads_util.cc(138)] Successfully saved creative set conversions
--------------------------------------------------------------------------------
[Aug 22, 2026 4:09:27.0 AM GMT:ERROR:creative_new_tab_page_ads_util.cc(153)] Successfully saved creative new tab page ads
[Aug 22, 2026 4:09:27.0 AM GMT:ERROR:creative_new_tab_page_ads_util.cc(138)] Successfully saved creative set conversions
--------------------------------------------------------------------------------
[Aug 22, 2026 4:10:20.1 AM GMT:ERROR:creative_new_tab_page_ads_util.cc(153)] Successfully saved creative new tab page ads
[Aug 22, 2026 4:10:20.1 AM GMT:ERROR:creative_new_tab_page_ads_util.cc(138)] Successfully saved creative set conversions
--------------------------------------------------------------------------------
[Aug 22, 2026 4:10:43.1 AM GMT:ERROR:creative_new_tab_page_ads_util.cc(153)] Successfully saved creative new tab page ads
[Aug 22, 2026 4:10:43.1 AM GMT:ERROR:creative_new_tab_page_ads_util.cc(138)] Successfully saved creative set conversions
--------------------------------------------------------------------------------
[Aug 22, 2026 4:11:26.6 AM GMT:ERROR:creative_new_tab_page_ads_util.cc(153)] Successfully saved creative new tab page ads
[Aug 22, 2026 4:11:26.6 AM GMT:ERROR:creative_new_tab_page_ads_util.cc(138)] Successfully saved creative set conversions
--------------------------------------------------------------------------------
[Aug 22, 2026 4:14:56.5 AM GMT:ERROR:creative_new_tab_page_ads_util.cc(153)] Successfully saved creative new tab page ads
[Aug 22, 2026 4:14:56.5 AM GMT:ERROR:creative_new_tab_page_ads_util.cc(138)] Successfully saved creative set conversions
--------------------------------------------------------------------------------
[Aug 22, 2026 10:46:27.4 PM GMT:ERROR:creative_new_tab_page_ads_util.cc(153)] Successfully saved creative new tab page ads
[Aug 22, 2026 10:46:27.4 PM GMT:ERROR:creative_new_tab_page_ads_util.cc(138)] Successfully saved creative set conversions
--------------------------------------------------------------------------------
[Aug 23, 2026 3:23:25.9 AM GMT:ERROR:creative_new_tab_page_ads_util.cc(153)] Successfully saved creative new tab page ads
[Aug 23, 2026 3:23:25.9 AM GMT:ERROR:creative_new_tab_page_ads_util.cc(138)] Successfully saved creative set conversions
--------------------------------------------------------------------------------
[Aug 23, 2026 3:51:55.7 AM GMT:ERROR:creative_new_tab_page_ads_util.cc(153)] Successfully saved creative new tab page ads
[Aug 23, 2026 3:51:55.7 AM GMT:ERROR:creative_new_tab_page_ads_util.cc(138)] Successfully saved creative set conversions
[Aug 23, 2026 3:52:03.8 AM GMT:ERROR:redeem_non_reward_confirmation.cc(119)] Failed to redeem non-reward kViewedImpression confirmation for kNewTabPageAd with transaction id 426f52d9-a356-42f9-9073-bbdbbccfa72d and creative instance id 360d8826-780c-4335-b188-ea4219f3cc90
[Aug 23, 2026 3:52:03.8 AM GMT:ERROR:confirmations.cc(105)] Failed to process kViewedImpression confirmation for kNewTabPageAd with transaction id 426f52d9-a356-42f9-9073-bbdbbccfa72d and creative instance id 360d8826-780c-4335-b188-ea4219f3cc90
[Aug 23, 2026 3:52:17.4 AM GMT:ERROR:redeem_non_reward_confirmation.cc(119)] Failed to redeem non-reward kViewedImpression confirmation for kNewTabPageAd with transaction id 426f52d9-a356-42f9-9073-bbdbbccfa72d and creative instance id 360d8826-780c-4335-b188-ea4219f3cc90
[Aug 23, 2026 3:52:17.4 AM GMT:ERROR:confirmations.cc(105)] Failed to process kViewedImpression confirmation for kNewTabPageAd with transaction id 426f52d9-a356-42f9-9073-bbdbbccfa72d and creative instance id 360d8826-780c-4335-b188-ea4219f3cc90
[Aug 23, 2026 3:52:48.6 AM GMT:ERROR:redeem_non_reward_confirmation.cc(119)] Failed to redeem non-reward kViewedImpression confirmation for kNewTabPageAd with transaction id 426f52d9-a356-42f9-9073-bbdbbccfa72d and creative instance id 360d8826-780c-4335-b188-ea4219f3cc90
[Aug 23, 2026 3:52:48.6 AM GMT:ERROR:confirmations.cc(105)] Failed to process kViewedImpression confirmation for kNewTabPageAd with transaction id 426f52d9-a356-42f9-9073-bbdbbccfa72d and creative instance id 360d8826-780c-4335-b188-ea4219f3cc90
[Aug 23, 2026 3:52:56.0 AM GMT:ERROR:creative_new_tab_page_ads_util.cc(153)] Successfully saved creative new tab page ads
[Aug 23, 2026 3:52:56.0 AM GMT:ERROR:creative_new_tab_page_ads_util.cc(138)] Successfully saved creative set conversions
--------------------------------------------------------------------------------
[Aug 23, 2026 3:56:21.1 AM GMT:ERROR:creative_new_tab_page_ads_util.cc(153)] Successfully saved creative new tab page ads
[Aug 23, 2026 3:56:21.1 AM GMT:ERROR:creative_new_tab_page_ads_util.cc(138)] Successfully saved creative set conversions
[Aug 23, 2026 5:57:43.5 AM GMT:ERROR:search_result_ad_event_handler.cc(244)] Failed to fire search result ad kServedImpression event for placement_id f02ae477-5d98-4d0e-b594-92c74ea831b1 and creative instance id 30c2a9a4-3d0c-4740-9f85-4fff1b516e3e
--------------------------------------------------------------------------------
[Aug 23, 2026 9:55:44.3 PM GMT:ERROR:creative_new_tab_page_ads_util.cc(153)] Successfully saved creative new tab page ads
[Aug 23, 2026 9:55:44.3 PM GMT:ERROR:creative_new_tab_page_ads_util.cc(138)] Successfully saved creative set conversions
[Aug 24, 2026 3:25:44.8 AM GMT:ERROR:creative_new_tab_page_ads_util.cc(153)] Successfully saved creative new tab page ads
[Aug 24, 2026 3:25:44.8 AM GMT:ERROR:creative_new_tab_page_ads_util.cc(138)] Successfully saved creative set conversions
--------------------------------------------------------------------------------
[Aug 24, 2026 11:02:32.6 PM GMT:ERROR:creative_new_tab_page_ads_util.cc(153)] Successfully saved creative new tab page ads
[Aug 24, 2026 11:02:32.6 PM GMT:ERROR:creative_new_tab_page_ads_util.cc(138)] Successfully saved creative set conversions
[Aug 24, 2026 11:02:39.1 PM GMT:ERROR:creative_new_tab_page_ads_util.cc(153)] Successfully saved creative new tab page ads
[Aug 24, 2026 11:02:39.1 PM GMT:ERROR:creative_new_tab_page_ads_util.cc(138)] Successfully saved creative set conversions
